 FSIUMR

 Timestamp is 696309e9 (Sun Jan 11 13:24:41 2026)

 Preferred load address is 0000000140000000

 Start         Length     Name                   Class
 0001:00000000 00002479H .text                   CODE
 0001:00002480 00000023H .text$_ZN6System7Classes15TComponentClassC1EPNS_10TMetaClassE CODE
 0001:000024b0 0000000fH .text$__clang_call_terminate CODE
 0001:000024c0 00000023H .text$_ZN6System7Classes15TComponentClassC2EPNS_10TMetaClassE CODE
 0001:000024f0 0000001eH .text$_ZN6System15DelphiMetaClassINS_7Classes15TComponentClassEEC2EPNS_10TMetaClassE CODE
 0001:00002510 00002df8H .text                   CODE
 0001:00005310 0000006dH .text$_ZN3Vcl5Forms5TFormC3EPN6System7Classes10TComponentE CODE
 0001:00005380 00000019H .text$_ZN9AppConfigC1Ev CODE
 0001:000053a0 00000019H .text$_ZNSt3__16vectorIN6System13UnicodeStringENS_9allocatorIS2_EEEC1B8ne200100Ev CODE
 0001:000053c0 00000019H .text$_ZN9AppConfigD1Ev CODE
 0001:000053e0 00000048H .text$_ZN3Vcl5Forms5TFormD0Ev CODE
 0001:00005430 0000008aH .text$_ZN14ProcessManager4StopEv CODE
 0001:000054c0 00000019H .text$_ZN13MethodManagerD1Ev CODE
 0001:000054e0 00000019H .text$_ZN14ProcessManagerD1Ev CODE
 0001:00005500 00000019H .text$_ZN13ConfigManagerD1Ev CODE
 0001:00005520 00000019H .text$_ZNSt3__16vectorIN6System13UnicodeStringENS_9allocatorIS2_EEED1B8ne200100Ev CODE
 0001:00005540 00000045H .text$_ZN6System13UnicodeStringaSEOS0_ CODE
 0001:00005590 00000023H .text$_ZN13MethodManagerC1ERKN6System13UnicodeStringE CODE
 0001:000055c0 00000023H .text$_ZN14ProcessManagerC1ERKN6System13UnicodeStringE CODE
 0001:000055f0 00000023H .text$_ZN13ConfigManagerC1ERKN6System13UnicodeStringE CODE
 0001:00005620 00000657H .text$_ZN13ConfigManager10LoadConfigEv CODE
 0001:00005c80 00000037H .text$_ZN9AppConfigaSEOS_ CODE
 0001:00005cc0 0000015eH .text$_ZN13ConfigManager24CheckAutostartInRegistryEv CODE
 0001:00005e20 00000260H .text$_ZN13ConfigManager28CheckTrayAutostartInRegistryEv CODE
 0001:00006080 00000027H .text$_ZN13MethodManager16SetCurrentMethodERKN6System13UnicodeStringE CODE
 0001:000060b0 00000034H .text$_ZN13MethodManager16GetCurrentMethodEv CODE
 0001:000060f0 000004e7H .text$_ZN13ConfigManager10SaveConfigERK9AppConfig CODE
 0001:000065e0 0000002dH .text$_ZN13MethodManager13GetAllMethodsEv CODE
 0001:00006610 00000037H .text$_ZNSt3__16vectorIN6System13UnicodeStringENS_9allocatorIS2_EEE5beginB8ne200100Ev CODE
 0001:00006650 00000038H .text$_ZNSt3__16vectorIN6System13UnicodeStringENS_9allocatorIS2_EEE3endB8ne200100Ev CODE
 0001:00006690 0000003cH .text$_ZNSt3__1eqB8ne200100IPN6System13UnicodeStringEEEbRKNS_11__wrap_iterIT_EES8_ CODE
 0001:000066d0 0000000eH .text$_ZNKSt3__111__wrap_iterIPN6System13UnicodeStringEEdeB8ne200100Ev CODE
 0001:000066e0 00000015H .text$_ZNSt3__111__wrap_iterIPN6System13UnicodeStringEEppB8ne200100Ev CODE
 0001:00006700 0000009bH .text$_ZN10DNSManager14IsGoogleDNSSetEv CODE
 0001:000067a0 00000168H .text$_ZN13MethodManager21CheckRobloxConnectionEv CODE
 0001:00006910 0000055cH .text$_ZN10DNSManager12SetGoogleDNSEv CODE
 0001:00006e70 00000168H .text$_ZN13MethodManager15GetCommandLineWERKN6System13UnicodeStringE CODE
 0001:00006fe0 00000014H .text$_ZNK6System13UnicodeString7IsEmptyEv CODE
 0001:00007000 000002f7H .text$_ZN14ProcessManager5StartERKN6System13UnicodeStringEb CODE
 0001:00007300 00000031H .text$_ZNSt3__16vectorIN6System13UnicodeStringENS_9allocatorIS2_EEEaSB8ne200100EOS5_ CODE
 0001:00007340 000003a1H .text$_ZN13ConfigManager12SetAutostartEbb CODE
 0001:000076f0 0000007bH .text$_ZN14ProcessManager9IsRunningEv CODE
 0001:00007770 00000019H .text$_ZNKSt3__16vectorIN6System13UnicodeStringENS_9allocatorIS2_EEE4sizeB8ne200100Ev CODE
 0001:00007790 00000025H .text$_ZNSt3__16vectorIN6System13UnicodeStringENS_9allocatorIS2_EEEixB8ne200100Ey CODE
 0001:000077c0 00000077H .text$_ZN3Vcl5Forms5TFormC3EPN6System7Classes10TComponentEi CODE
 0001:00007840 00000089H .text$_ZN3Vcl5Forms5TFormC3EPN6System7Classes10TComponentEii CODE
 0001:000078d0 000000a1H .text$_ZN9AppConfigC2Ev CODE
 0001:00007980 00000030H .text$_ZNSt3__16vectorIN6System13UnicodeStringENS_9allocatorIS2_EEEC2B8ne200100Ev CODE
 0001:000079b0 00000019H .text$_ZNSt3__19allocatorIN6System13UnicodeStringEEC1B8ne200100Ev CODE
 0001:000079d0 00000019H .text$_ZNSt3__19allocatorIN6System13UnicodeStringEEC2B8ne200100Ev CODE
 0001:000079f0 00000007H .text$_ZNSt3__116__non_trivial_ifILb1ENS_9allocatorIN6System13UnicodeStringEEEEC2B8ne200100Ev CODE
 0001:00007a00 00000019H .text$_ZN9AppConfigD2Ev CODE
 0001:00007a20 000000dbH .text$_ZN14ProcessManager21KillAllWinwsProcessesEv CODE
 0001:00007b00 00000065H .text$_ZN13MethodManagerD2Ev CODE
 0001:00007b70 00000019H .text$_ZN14ScriptDatabaseD1Ev CODE
 0001:00007b90 00000019H .text$_ZN14ScriptDatabaseD2Ev CODE
 0001:00007bb0 00000019H .text$_ZNSt3__13mapIN6System13UnicodeStringES2_NS_4lessIS2_EENS_9allocatorINS_4pairIKS2_S2_EEEEED1B8ne200100Ev CODE
 0001:00007bd0 00000019H .text$_ZNSt3__13mapIN6System13UnicodeStringES2_NS_4lessIS2_EENS_9allocatorINS_4pairIKS2_S2_EEEEED2B8ne200100Ev CODE
 0001:00007bf0 00000019H .text$_ZNSt3__16__treeINS_12__value_typeIN6System13UnicodeStringES3_EENS_19__map_value_compareIS3_S4_NS_4lessIS3_EELb1EEENS_9allocatorIS4_EEED1Ev CODE
 0001:00007c10 0000002bH .text$_ZNSt3__16__treeINS_12__value_typeIN6System13UnicodeStringES3_EENS_19__map_value_compareIS3_S4_NS_4lessIS3_EELb1EEENS_9allocatorIS4_EEED2Ev CODE
 0001:00007c40 000000a8H .text$_ZNSt3__16__treeINS_12__value_typeIN6System13UnicodeStringES3_EENS_19__map_value_compareIS3_S4_NS_4lessIS3_EELb1EEENS_9allocatorIS4_EEE7destroyEPNS_11__tree_nodeIS4_PvEE CODE
 0001:00007cf0 0000001bH .text$_ZNKSt3__16__treeINS_12__value_typeIN6System13UnicodeStringES3_EENS_19__map_value_compareIS3_S4_NS_4lessIS3_EELb1EEENS_9allocatorIS4_EEE6__rootB8ne200100Ev CODE
 0001:00007d10 0000000bH .text$_ZNSt3__16__treeINS_12__value_typeIN6System13UnicodeStringES3_EENS_19__map_value_compareIS3_S4_NS_4lessIS3_EELb1EEENS_9allocatorIS4_EEE12__node_allocB8ne200100Ev CODE
 0001:00007d20 0000001eH .text$_ZNSt3__116allocator_traitsINS_9allocatorINS_11__tree_nodeINS_12__value_typeIN6System13UnicodeStringES5_EEPvEEEEE7destroyB8ne200100INS_4pairIKS5_S5_EEvTnNS_9enable_ifIXntsr13__has_destroyIS9_PT_EE5valueEiE4typeELi0EEEvRS9_SH_ CODE
 0001:00007d40 00000019H .text$_ZNSt3__122__tree_key_value_typesINS_12__value_typeIN6System13UnicodeStringES3_EEE9__get_ptrB8ne200100ERS4_ CODE
 0001:00007d60 0000002dH .text$_ZNSt3__116allocator_traitsINS_9allocatorINS_11__tree_nodeINS_12__value_typeIN6System13UnicodeStringES5_EEPvEEEEE10deallocateB8ne200100ERS9_PS8_y CODE
 0001:00007d90 00000019H .text$_ZNSt3__112__destroy_atB8ne200100INS_4pairIKN6System13UnicodeStringES3_EETnNS_9enable_ifIXntsr8is_arrayIT_EE5valueEiE4typeELi0EEEvPS7_ CODE
 0001:00007db0 00000019H .text$_ZNSt3__14pairIKN6System13UnicodeStringES2_ED1Ev CODE
 0001:00007dd0 0000002cH .text$_ZNSt3__14pairIKN6System13UnicodeStringES2_ED2Ev CODE
 0001:00007e00 00000019H .text$_ZNSt3__112__value_typeIN6System13UnicodeStringES2_E11__get_valueB8ne200100Ev CODE
 0001:00007e20 00000019H .text$_ZNSt3__17launderB8ne200100INS_4pairIKN6System13UnicodeStringES3_EEEEPT_S7_ CODE
 0001:00007e40 0000000bH .text$_ZNSt3__19__launderB8ne200100INS_4pairIKN6System13UnicodeStringES3_EEEEPT_S7_ CODE
 0001:00007e50 0000002eH .text$_ZNSt3__19allocatorINS_11__tree_nodeINS_12__value_typeIN6System13UnicodeStringES4_EEPvEEE10deallocateB8ne200100EPS7_y CODE
 0001:00007e80 00000059H .text$_ZNSt3__119__libcpp_deallocateB8ne200100INS_11__tree_nodeINS_12__value_typeIN6System13UnicodeStringES4_EEPvEEEEvPNS_15__type_identityIT_E4typeENS_15__element_countEy CODE
 0001:00007ee0 00000011H .text$_ZNSt3__124__is_overaligned_for_newB8ne200100Ey CODE
 0001:00007f00 00000023H .text$_ZNSt3__124__libcpp_operator_deleteB8ne200100IJPNS_11__tree_nodeINS_12__value_typeIN6System13UnicodeStringES4_EEPvEESt11align_val_tEEEvDpT_ CODE
 0001:00007f30 00000019H .text$_ZNSt3__124__libcpp_operator_deleteB8ne200100IJPNS_11__tree_nodeINS_12__value_typeIN6System13UnicodeStringES4_EEPvEEEEEvDpT_ CODE
 0001:00007f50 0000001dH .text$_ZNKSt3__16__treeINS_12__value_typeIN6System13UnicodeStringES3_EENS_19__map_value_compareIS3_S4_NS_4lessIS3_EELb1EEENS_9allocatorIS4_EEE10__end_nodeB8ne200100Ev CODE
 0001:00007f70 0000000bH .text$_ZNSt3__114pointer_traitsIPNS_15__tree_end_nodeIPNS_16__tree_node_baseIPvEEEEE10pointer_toB8ne200100ERS6_ CODE
 0001:00007f80 00000037H .text$_ZN14ProcessManagerD2Ev CODE
 0001:00007fc0 00000070H .text$_ZN13ConfigManagerD2Ev CODE
 0001:00008030 00000034H .text$_ZNSt3__16vectorIN6System13UnicodeStringENS_9allocatorIS2_EEED2B8ne200100Ev CODE
 0001:00008070 00000023H .text$_ZNSt3__16vectorIN6System13UnicodeStringENS_9allocatorIS2_EEE16__destroy_vectorC1B8ne200100ERS5_ CODE
 0001:000080a0 0000006eH .text$_ZNSt3__16vectorIN6System13UnicodeStringENS_9allocatorIS2_EEE16__destroy_vectorclB8ne200100Ev CODE
 0001:00008110 0000001eH .text$_ZNSt3__16vectorIN6System13UnicodeStringENS_9allocatorIS2_EEE16__destroy_vectorC2B8ne200100ERS5_ CODE
 0001:00008130 0000003fH .text$_ZNSt3__16vectorIN6System13UnicodeStringENS_9allocatorIS2_EEE5clearB8ne200100Ev CODE
 0001:00008170 00000007H .text$_ZNKSt3__16vectorIN6System13UnicodeStringENS_9allocatorIS2_EEE17__annotate_deleteB8ne200100Ev CODE
 0001:00008180 0000002dH .text$_ZNSt3__116allocator_traitsINS_9allocatorIN6System13UnicodeStringEEEE10deallocateB8ne200100ERS4_PS3_y CODE
 0001:000081b0 00000019H .text$_ZNKSt3__16vectorIN6System13UnicodeStringENS_9allocatorIS2_EEE8capacityB8ne200100Ev CODE
 0001:000081d0 0000006dH .text$_ZNSt3__16vectorIN6System13UnicodeStringENS_9allocatorIS2_EEE22__base_destruct_at_endB8ne200100EPS2_ CODE
 0001:00008240 00000012H .text$_ZNKSt3__16vectorIN6System13UnicodeStringENS_9allocatorIS2_EEE17__annotate_shrinkB8ne200100Ey CODE
 0001:00008260 0000001eH .text$_ZNSt3__116allocator_traitsINS_9allocatorIN6System13UnicodeStringEEEE7destroyB8ne200100IS3_vTnNS_9enable_ifIXntsr13__has_destroyIS4_PT_EE5valueEiE4typeELi0EEEvRS4_S9_ CODE
 0001:00008280 0000000bH .text$_ZNSt3__112__to_addressB8ne200100IN6System13UnicodeStringEEEPT_S4_ CODE
 0001:00008290 00000019H .text$_ZNSt3__112__destroy_atB8ne200100IN6System13UnicodeStringETnNS_9enable_ifIXntsr8is_arrayIT_EE5valueEiE4typeELi0EEEvPS4_ CODE
 0001:000082b0 0000002eH .text$_ZNSt3__19allocatorIN6System13UnicodeStringEE10deallocateB8ne200100EPS2_y CODE
 0001:000082e0 0000005cH .text$_ZNSt3__119__libcpp_deallocateB8ne200100IN6System13UnicodeStringEEEvPNS_15__type_identityIT_E4typeENS_15__element_countEy CODE
 0001:00008340 00000023H .text$_ZNSt3__124__libcpp_operator_deleteB8ne200100IJPN6System13UnicodeStringESt11align_val_tEEEvDpT_ CODE
 0001:00008370 00000019H .text$_ZNSt3__124__libcpp_operator_deleteB8ne200100IJPN6System13UnicodeStringEEEEvDpT_ CODE
 0001:00008390 000001fdH .text$_ZN13MethodManagerC2ERKN6System13UnicodeStringE CODE
 0001:00008590 00000019H .text$_ZN14ScriptDatabaseC1Ev CODE
 0001:000085b0 00000054H .text$_ZN14ScriptDatabaseC2Ev CODE
 0001:00008610 00000019H .text$_ZNSt3__13mapIN6System13UnicodeStringES2_NS_4lessIS2_EENS_9allocatorINS_4pairIKS2_S2_EEEEEC1B8ne200100Ev CODE
 0001:00008630 00001765H .text$_ZN14ScriptDatabase17InitializeScriptsEv CODE
 0001:00009da0 00000036H .text$_ZNSt3__13mapIN6System13UnicodeStringES2_NS_4lessIS2_EENS_9allocatorINS_4pairIKS2_S2_EEEEEC2B8ne200100Ev CODE
 0001:00009de0 00000021H .text$_ZNSt3__119__map_value_compareIN6System13UnicodeStringENS_12__value_typeIS2_S2_EENS_4lessIS2_EELb1EEC1B8ne200100ES6_ CODE
 0001:00009e10 00000023H .text$_ZNSt3__16__treeINS_12__value_typeIN6System13UnicodeStringES3_EENS_19__map_value_compareIS3_S4_NS_4lessIS3_EELb1EEENS_9allocatorIS4_EEEC1ERKS8_ CODE
 0001:00009e40 00000011H .text$_ZNSt3__119__map_value_compareIN6System13UnicodeStringENS_12__value_typeIS2_S2_EENS_4lessIS2_EELb1EEC2B8ne200100ES6_ CODE
 0001:00009e60 00000059H .text$_ZNSt3__16__treeINS_12__value_typeIN6System13UnicodeStringES3_EENS_19__map_value_compareIS3_S4_NS_4lessIS3_EELb1EEENS_9allocatorIS4_EEEC2ERKS8_ CODE
 0001:00009ec0 00000019H .text$_ZNSt3__115__tree_end_nodeIPNS_16__tree_node_baseIPvEEEC1B8ne200100Ev CODE
 0001:00009ee0 00000019H .text$_ZNSt3__19allocatorINS_11__tree_nodeINS_12__value_typeIN6System13UnicodeStringES4_EEPvEEEC1B8ne200100Ev CODE
 0001:00009f00 0000001dH .text$_ZNSt3__16__treeINS_12__value_typeIN6System13UnicodeStringES3_EENS_19__map_value_compareIS3_S4_NS_4lessIS3_EELb1EEENS_9allocatorIS4_EEE10__end_nodeB8ne200100Ev CODE
 0001:00009f20 0000000bH .text$_ZNSt3__16__treeINS_12__value_typeIN6System13UnicodeStringES3_EENS_19__map_value_compareIS3_S4_NS_4lessIS3_EELb1EEENS_9allocatorIS4_EEE12__begin_nodeB8ne200100Ev CODE
 0001:00009f30 00000012H .text$_ZNSt3__115__tree_end_nodeIPNS_16__tree_node_baseIPvEEEC2B8ne200100Ev CODE
 0001:00009f50 00000019H .text$_ZNSt3__19allocatorINS_11__tree_nodeINS_12__value_typeIN6System13UnicodeStringES4_EEPvEEEC2B8ne200100Ev CODE
 0001:00009f70 00000007H .text$_ZNSt3__116__non_trivial_ifILb1ENS_9allocatorINS_11__tree_nodeINS_12__value_typeIN6System13UnicodeStringES5_EEPvEEEEEC2B8ne200100Ev CODE
 0001:00009f80 00000080H .text$_ZNSt3__13mapIN6System13UnicodeStringES2_NS_4lessIS2_EENS_9allocatorINS_4pairIKS2_S2_EEEEEixEOS2_ CODE
 0001:0000a000 00000153H .text$_ZNSt3__16__treeINS_12__value_typeIN6System13UnicodeStringES3_EENS_19__map_value_compareIS3_S4_NS_4lessIS3_EELb1EEENS_9allocatorIS4_EEE25__emplace_unique_key_argsIS3_JRKNS_21piecewise_construct_tENS_5tupleIJOS3_EEENSG_IJEEEEEENS_4pairINS_15__tree_iteratorIS4_PNS_11__tree_nodeIS4_PvEExEEbEERKT_DpOT0_ CODE
 0001:0000a160 00000022H .text$_ZNSt3__116forward_as_tupleB8ne200100IJN6System13UnicodeStringEEEENS_5tupleIJDpOT_EEES6_ CODE
 0001:0000a190 00000007H .text$_ZNSt3__116forward_as_tupleB8ne200100IJEEENS_5tupleIJDpOT_EEES4_ CODE
 0001:0000a1a0 00000025H .text$_ZNKSt3__115__tree_iteratorINS_12__value_typeIN6System13UnicodeStringES3_EEPNS_11__tree_nodeIS4_PvEExEptB8ne200100Ev CODE
 0001:0000a1d0 0000016dH .text$_ZNSt3__16__treeINS_12__value_typeIN6System13UnicodeStringES3_EENS_19__map_value_compareIS3_S4_NS_4lessIS3_EELb1EEENS_9allocatorIS4_EEE12__find_equalIS3_EERPNS_16__tree_node_baseIPvEERPNS_15__tree_end_nodeISG_EERKT_ CODE
 0001:0000a340 00000160H .text$_ZNSt3__16__treeINS_12__value_typeIN6System13UnicodeStringES3_EENS_19__map_value_compareIS3_S4_NS_4lessIS3_EELb1EEENS_9allocatorIS4_EEE16__construct_nodeIJRKNS_21piecewise_construct_tENS_5tupleIJOS3_EEENSG_IJEEEEEENS_10unique_ptrINS_11__tree_nodeIS4_PvEENS_22__tree_node_destructorINS9_ISN_EEEEEEDpOT_ CODE
 0001:0000a4a0 000000beH .text$_ZNSt3__16__treeINS_12__value_typeIN6System13UnicodeStringES3_EENS_19__map_value_compareIS3_S4_NS_4lessIS3_EELb1EEENS_9allocatorIS4_EEE16__insert_node_atEPNS_15__tree_end_nodeIPNS_16__tree_node_baseIPvEEEERSG_SG_ CODE
 0001:0000a560 0000000eH .text$_ZNKSt3__110unique_ptrINS_11__tree_nodeINS_12__value_typeIN6System13UnicodeStringES4_EEPvEENS_22__tree_node_destructorINS_9allocatorIS7_EEEEE3getB8ne200100Ev CODE
 0001:0000a570 00000025H .text$_ZNSt3__110unique_ptrINS_11__tree_nodeINS_12__value_typeIN6System13UnicodeStringES4_EEPvEENS_22__tree_node_destructorINS_9allocatorIS7_EEEEE7releaseB8ne200100Ev CODE
 0001:0000a5a0 00000019H .text$_ZNSt3__110unique_ptrINS_11__tree_nodeINS_12__value_typeIN6System13UnicodeStringES4_EEPvEENS_22__tree_node_destructorINS_9allocatorIS7_EEEEED1B8ne200100Ev CODE
 0001:0000a5c0 00000023H .text$_ZNSt3__115__tree_iteratorINS_12__value_typeIN6System13UnicodeStringES3_EEPNS_11__tree_nodeIS4_PvEExEC1B8ne200100ES8_ CODE
 0001:0000a5f0 0000002dH .text$_ZNSt3__14pairINS_15__tree_iteratorINS_12__value_typeIN6System13UnicodeStringES4_EEPNS_11__tree_nodeIS5_PvEExEEbEC1B8ne200100ISA_RbTnNS_9enable_ifIXclsr10_CheckArgsE23__is_pair_constructibleIT_T0_EEEiE4typeELi0EEEOSF_OSG_ CODE
 0001:0000a620 00000019H .text$_ZNKSt3__16__treeINS_12__value_typeIN6System13UnicodeStringES3_EENS_19__map_value_compareIS3_S4_NS_4lessIS3_EELb1EEENS_9allocatorIS4_EEE10__root_ptrB8ne200100Ev CODE
 0001:0000a640 0000000bH .text$_ZNSt3__16__treeINS_12__value_typeIN6System13UnicodeStringES3_EENS_19__map_value_compareIS3_S4_NS_4lessIS3_EELb1EEENS_9allocatorIS4_EEE10value_compB8ne200100Ev CODE
 0001:0000a650 0000004aH .text$_ZNKSt3__119__map_value_compareIN6System13UnicodeStringENS_12__value_typeIS2_S2_EENS_4lessIS2_EELb1EEclB8ne200100ERKS2_RKS4_ CODE
 0001:0000a6a0 00000040H .text$_ZNKSt3__119__map_value_compareIN6System13UnicodeStringENS_12__value_typeIS2_S2_EENS_4lessIS2_EELb1EEclB8ne200100ERKS4_RKS2_ CODE
 0001:0000a6e0 00000029H .text$_ZNKSt3__14lessIN6System13UnicodeStringEEclB8ne200100ERKS2_S5_ CODE
 0001:0000a710 00000019H .text$_ZNKSt3__112__value_typeIN6System13UnicodeStringES2_E11__get_valueB8ne200100Ev CODE
 0001:0000a730 00000019H .text$_ZNSt3__17launderB8ne200100IKNS_4pairIKN6System13UnicodeStringES3_EEEEPT_S8_ CODE
 0001:0000a750 0000000bH .text$_ZNSt3__19__launderB8ne200100IKNS_4pairIKN6System13UnicodeStringES3_EEEEPT_S8_ CODE
 0001:0000a760 00000023H .text$_ZNSt3__116allocator_traitsINS_9allocatorINS_11__tree_nodeINS_12__value_typeIN6System13UnicodeStringES5_EEPvEEEEE8allocateB8ne200100ERS9_y CODE
 0001:0000a790 00000035H .text$_ZNSt3__122__tree_node_destructorINS_9allocatorINS_11__tree_nodeINS_12__value_typeIN6System13UnicodeStringES5_EEPvEEEEEC1B8ne200100ERS9_b CODE
 0001:0000a7d0 0000002dH .text$_ZNSt3__110unique_ptrINS_11__tree_nodeINS_12__value_typeIN6System13UnicodeStringES4_EEPvEENS_22__tree_node_destructorINS_9allocatorIS7_EEEEEC1B8ne200100ILb1EvEEPS7_NS_16__dependent_typeINS_27__unique_ptr_deleter_sfinaeISB_EEXT_EE20__good_rval_ref_typeE CODE
 0001:0000a800 0000003cH .text$_ZNSt3__116allocator_traitsINS_9allocatorINS_11__tree_nodeINS_12__value_typeIN6System13UnicodeStringES5_EEPvEEEEE9constructB8ne200100INS_4pairIKS5_S5_EEJRKNS_21piecewise_construct_tENS_5tupleIJOS5_EEENSI_IJEEEEvTnNS_9enable_ifIXntsr15__has_constructIS9_PT_DpT0_EE5valueEiE4typeELi0EEEvRS9_SO_DpOSP_ CODE
 0001:0000a840 0000000eH .text$_ZNKSt3__110unique_ptrINS_11__tree_nodeINS_12__value_typeIN6System13UnicodeStringES4_EEPvEENS_22__tree_node_destructorINS_9allocatorIS7_EEEEEptB8ne200100Ev CODE
 0001:0000a850 0000000fH .text$_ZNSt3__110unique_ptrINS_11__tree_nodeINS_12__value_typeIN6System13UnicodeStringES4_EEPvEENS_22__tree_node_destructorINS_9allocatorIS7_EEEEE11get_deleterB8ne200100Ev CODE
 0001:0000a860 00000049H .text$_ZNSt3__19allocatorINS_11__tree_nodeINS_12__value_typeIN6System13UnicodeStringES4_EEPvEEE8allocateB8ne200100Ey CODE
 0001:0000a8b0 0000001dH .text$_ZNSt3__116allocator_traitsINS_9allocatorINS_11__tree_nodeINS_12__value_typeIN6System13UnicodeStringES5_EEPvEEEEE8max_sizeB8ne200100IS9_vTnNS_9enable_ifIXntsr14__has_max_sizeIKT_EE5valueEiE4typeELi0EEEyRKS9_ CODE
 0001:0000a8d0 00000034H .text$_ZSt28__throw_bad_array_new_lengthB8ne200100v CODE
 0001:0000a910 00000062H .text$_ZNSt3__117__libcpp_allocateB8ne200100INS_11__tree_nodeINS_12__value_typeIN6System13UnicodeStringES4_EEPvEEEEPT_NS_15__element_countEy CODE
 0001:0000a980 0000000fH .text$_ZNSt3__114numeric_limitsIyE3maxB8ne200100Ev CODE
 0001:0000a990 00000008H .text$_ZNSt3__123__libcpp_numeric_limitsIyLb1EE3maxB8ne200100Ev CODE
 0001:0000a9a0 00000023H .text$_ZNSt3__121__libcpp_operator_newB8ne200100IJySt11align_val_tEEEPvDpT_ CODE
 0001:0000a9d0 00000019H .text$_ZNSt3__121__libcpp_operator_newB8ne200100IJyEEEPvDpT_ CODE
 0001:0000a9f0 00000033H .text$_ZNSt3__122__tree_node_destructorINS_9allocatorINS_11__tree_nodeINS_12__value_typeIN6System13UnicodeStringES5_EEPvEEEEEC2B8ne200100ERS9_b CODE
 0001:0000aa30 00000043H .text$_ZNSt3__110unique_ptrINS_11__tree_nodeINS_12__value_typeIN6System13UnicodeStringES4_EEPvEENS_22__tree_node_destructorINS_9allocatorIS7_EEEEEC2B8ne200100ILb1EvEEPS7_NS_16__dependent_typeINS_27__unique_ptr_deleter_sfinaeISB_EEXT_EE20__good_rval_ref_typeE CODE
 0001:0000aa80 00000019H .text$_ZNSt3__125__compressed_pair_paddingINS_22__tree_node_destructorINS_9allocatorINS_11__tree_nodeINS_12__value_typeIN6System13UnicodeStringES6_EEPvEEEEEELb0EEC1Ev CODE
 0001:0000aaa0 0000003dH .text$_ZNSt3__125__compressed_pair_paddingINS_22__tree_node_destructorINS_9allocatorINS_11__tree_nodeINS_12__value_typeIN6System13UnicodeStringES6_EEPvEEEEEELb0EEC2Ev CODE
 0001:0000aae0 00000037H .text$_ZNSt3__114__construct_atB8ne200100INS_4pairIKN6System13UnicodeStringES3_EEJRKNS_21piecewise_construct_tENS_5tupleIJOS3_EEENS9_IJEEEEPS5_EEPT_SF_DpOT0_ CODE
 0001:0000ab20 0000004cH .text$_ZNSt3__112construct_atB8ne200100INS_4pairIKN6System13UnicodeStringES3_EEJRKNS_21piecewise_construct_tENS_5tupleIJOS3_EEENS9_IJEEEEPS5_EEPT_SF_DpOT0_ CODE
 0001:0000ab70 00000047H .text$_ZNSt3__14pairIKN6System13UnicodeStringES2_EC1B8ne200100IJOS2_EJEEENS_21piecewise_construct_tENS_5tupleIJDpT_EEENS8_IJDpT0_EEE CODE
 0001:0000abc0 00000061H .text$_ZNSt3__14pairIKN6System13UnicodeStringES2_EC1B8ne200100IJOS2_EJEJLy0EETpTnyJEEENS_21piecewise_construct_tERNS_5tupleIJDpT_EEERNS8_IJDpT0_EEENS_15__tuple_indicesIJXspT1_EEEENSH_IJXspT2_EEEE CODE
 0001:0000ac30 000000a4H .text$_ZNSt3__14pairIKN6System13UnicodeStringES2_EC2B8ne200100IJOS2_EJEJLy0EETpTnyJEEENS_21piecewise_construct_tERNS_5tupleIJDpT_EEERNS8_IJDpT0_EEENS_15__tuple_indicesIJXspT1_EEEENSH_IJXspT2_EEEE CODE
 0001:0000ace0 00000019H .text$_ZNSt3__13getB8ne200100ILy0EJON6System13UnicodeStringEEEERNS_13tuple_elementIXT_ENS_5tupleIJDpT0_EEEE4typeERS8_ CODE
 0001:0000ad00 00000044H .text$_ZN6System13UnicodeStringC1EOS0_ CODE
 0001:0000ad50 0000000eH .text$_ZNSt3__112__tuple_leafILy0EON6System13UnicodeStringELb0EE3getB8ne200100Ev CODE
 0001:0000ad60 00000034H .text$_ZN6System13UnicodeStringC2EOS0_ CODE
 0001:0000ada0 000003d9H .text$_ZNSt3__127__tree_balance_after_insertB8ne200100IPNS_16__tree_node_baseIPvEEEEvT_S5_ CODE
 0001:0000b180 0000000fH .text$_ZNSt3__16__treeINS_12__value_typeIN6System13UnicodeStringES3_EENS_19__map_value_compareIS3_S4_NS_4lessIS3_EELb1EEENS_9allocatorIS4_EEE4sizeB8ne200100Ev CODE
 0001:0000b190 0000000fH .text$_ZNKSt3__116__tree_node_baseIPvE15__parent_unsafeB8ne200100Ev CODE
 0001:0000b1a0 0000001bH .text$_ZNSt3__120__tree_is_left_childB8ne200100IPNS_16__tree_node_baseIPvEEEEbT_ CODE
 0001:0000b1c0 000000c4H .text$_ZNSt3__118__tree_left_rotateB8ne200100IPNS_16__tree_node_baseIPvEEEEvT_ CODE
 0001:0000b290 000000b9H .text$_ZNSt3__119__tree_right_rotateB8ne200100IPNS_16__tree_node_baseIPvEEEEvT_ CODE
 0001:0000b350 0000001fH .text$_ZNSt3__116__tree_node_baseIPvE12__set_parentB8ne200100EPS2_ CODE
 0001:0000b370 0000001dH .text$_ZNSt3__110unique_ptrINS_11__tree_nodeINS_12__value_typeIN6System13UnicodeStringES4_EEPvEENS_22__tree_node_destructorINS_9allocatorIS7_EEEEED2B8ne200100Ev CODE
 0001:0000b390 00000049H .text$_ZNSt3__110unique_ptrINS_11__tree_nodeINS_12__value_typeIN6System13UnicodeStringES4_EEPvEENS_22__tree_node_destructorINS_9allocatorIS7_EEEEE5resetB8ne200100EPS7_ CODE
 0001:0000b3e0 00000082H .text$_ZNSt3__122__tree_node_destructorINS_9allocatorINS_11__tree_nodeINS_12__value_typeIN6System13UnicodeStringES5_EEPvEEEEEclB8ne200100EPS8_ CODE
 0001:0000b470 0000001eH .text$_ZNSt3__115__tree_iteratorINS_12__value_typeIN6System13UnicodeStringES3_EEPNS_11__tree_nodeIS4_PvEExEC2B8ne200100ES8_ CODE
 0001:0000b490 00000033H .text$_ZNSt3__14pairINS_15__tree_iteratorINS_12__value_typeIN6System13UnicodeStringES4_EEPNS_11__tree_nodeIS5_PvEExEEbEC2B8ne200100ISA_RbTnNS_9enable_ifIXclsr10_CheckArgsE23__is_pair_constructibleIT_T0_EEEiE4typeELi0EEEOSF_OSG_ CODE
 0001:0000b4d0 00000023H .text$_ZNSt3__15tupleIJON6System13UnicodeStringEEEC1B8ne200100IJS2_ETnNS_9enable_ifIXsr4_AndINS_17integral_constantIbXeqsZT_sZT_EEENS4_17_EnableUTypesCtorIJDpT_EEEEE5valueEiE4typeELi0EEEDpOSA_ CODE
 0001:0000b500 00000040H .text$_ZNSt3__15tupleIJON6System13UnicodeStringEEEC2B8ne200100IJS2_ETnNS_9enable_ifIXsr4_AndINS_17integral_constantIbXeqsZT_sZT_EEENS4_17_EnableUTypesCtorIJDpT_EEEEE5valueEiE4typeELi0EEEDpOSA_ CODE
 0001:0000b540 00000056H .text$_ZNSt3__112__tuple_implINS_15__tuple_indicesIJLy0EEEEJON6System13UnicodeStringEEEC1B8ne200100IJLy0EEJS5_ETpTnyJEJEJS4_EEENS1_IJXspT_EEEENS_13__tuple_typesIJDpT0_EEENS1_IJXspT1_EEEENS9_IJDpT2_EEEDpOT3_ CODE
 0001:0000b5a0 00000039H .text$_ZNSt3__112__tuple_implINS_15__tuple_indicesIJLy0EEEEJON6System13UnicodeStringEEEC2B8ne200100IJLy0EEJS5_ETpTnyJEJEJS4_EEENS1_IJXspT_EEEENS_13__tuple_typesIJDpT0_EEENS1_IJXspT1_EEEENS9_IJDpT2_EEEDpOT3_ CODE
 0001:0000b5e0 0000001eH .text$_ZNSt3__112__tuple_leafILy0EON6System13UnicodeStringELb0EEC2B8ne200100IS2_TnNS_9enable_ifIXsr4_AndINS_17integral_constantIbXntu9__is_sameu14__remove_cvrefIT_ES4_EEEENS_16is_constructibleIS3_JS8_EEEEE5valueEiE4typeELi0EEEOS8_ CODE
 0001:0000b600 0000000bH .text$_ZNSt3__114pointer_traitsIPNS_12__value_typeIN6System13UnicodeStringES3_EEE10pointer_toB8ne200100ERS4_ CODE
 0001:0000b610 0000000eH .text$_ZNKSt3__115__tree_iteratorINS_12__value_typeIN6System13UnicodeStringES3_EEPNS_11__tree_nodeIS4_PvEExE8__get_npB8ne200100Ev CODE
 0001:0000b620 00000089H .text$_ZN14ProcessManagerC2ERKN6System13UnicodeStringE CODE
 0001:0000b6b0 00000115H .text$_ZN13ConfigManagerC2ERKN6System13UnicodeStringE CODE
 0001:0000b7d0 000000c1H .text$_ZN6System8Inifiles8TIniFileC3ENS_13UnicodeStringE CODE
 0001:0000b8a0 00000023H .text$_ZNK6System13UnicodeString3PosERKS0_ CODE
 0001:0000b8d0 0000011dH .text$_ZN14ScriptDatabase17GetAllMethodNamesEv CODE
 0001:0000b9f0 00000031H .text$_ZNSt3__13mapIN6System13UnicodeStringES2_NS_4lessIS2_EENS_9allocatorINS_4pairIKS2_S2_EEEEE5beginB8ne200100Ev CODE
 0001:0000ba30 00000031H .text$_ZNSt3__13mapIN6System13UnicodeStringES2_NS_4lessIS2_EENS_9allocatorINS_4pairIKS2_S2_EEEEE3endB8ne200100Ev CODE
 0001:0000ba70 00000024H .text$_ZNSt3__1neB8ne200100ERKNS_14__map_iteratorINS_15__tree_iteratorINS_12__value_typeIN6System13UnicodeStringES4_EEPNS_11__tree_nodeIS5_PvEExEEEESD_ CODE
 0001:0000baa0 00000021H .text$_ZNKSt3__114__map_iteratorINS_15__tree_iteratorINS_12__value_typeIN6System13UnicodeStringES4_EEPNS_11__tree_nodeIS5_PvEExEEEdeB8ne200100Ev CODE
 0001:0000bad0 00000023H .text$_ZNSt3__16vectorIN6System13UnicodeStringENS_9allocatorIS2_EEE9push_backB8ne200100ERKS2_ CODE
 0001:0000bb00 00000022H .text$_ZNSt3__114__map_iteratorINS_15__tree_iteratorINS_12__value_typeIN6System13UnicodeStringES4_EEPNS_11__tree_nodeIS5_PvEExEEEppB8ne200100Ev CODE
 0001:0000bb30 0000002aH .text$_ZNSt3__16__treeINS_12__value_typeIN6System13UnicodeStringES3_EENS_19__map_value_compareIS3_S4_NS_4lessIS3_EELb1EEENS_9allocatorIS4_EEE5beginB8ne200100Ev CODE
 0001:0000bb60 00000023H .text$_ZNSt3__114__map_iteratorINS_15__tree_iteratorINS_12__value_typeIN6System13UnicodeStringES4_EEPNS_11__tree_nodeIS5_PvEExEEEC1B8ne200100ESA_ CODE
 0001:0000bb90 00000023H .text$_ZNSt3__115__tree_iteratorINS_12__value_typeIN6System13UnicodeStringES3_EEPNS_11__tree_nodeIS4_PvEExEC1B8ne200100EPNS_15__tree_end_nodeIPNS_16__tree_node_baseIS6_EEEE CODE
 0001:0000bbc0 0000001eH .text$_ZNSt3__115__tree_iteratorINS_12__value_typeIN6System13UnicodeStringES3_EEPNS_11__tree_nodeIS4_PvEExEC2B8ne200100EPNS_15__tree_end_nodeIPNS_16__tree_node_baseIS6_EEEE CODE
 0001:0000bbe0 0000001eH .text$_ZNSt3__114__map_iteratorINS_15__tree_iteratorINS_12__value_typeIN6System13UnicodeStringES4_EEPNS_11__tree_nodeIS5_PvEExEEEC2B8ne200100ESA_ CODE
 0001:0000bc00 0000002aH .text$_ZNSt3__16__treeINS_12__value_typeIN6System13UnicodeStringES3_EENS_19__map_value_compareIS3_S4_NS_4lessIS3_EELb1EEENS_9allocatorIS4_EEE3endB8ne200100Ev CODE
 0001:0000bc30 00000026H .text$_ZNSt3__1neB8ne200100ERKNS_15__tree_iteratorINS_12__value_typeIN6System13UnicodeStringES3_EEPNS_11__tree_nodeIS4_PvEExEESB_ CODE
 0001:0000bc60 00000026H .text$_ZNSt3__1eqB8ne200100ERKNS_15__tree_iteratorINS_12__value_typeIN6System13UnicodeStringES3_EEPNS_11__tree_nodeIS4_PvEExEESB_ CODE
 0001:0000bc90 0000007bH .text$_ZNSt3__16vectorIN6System13UnicodeStringENS_9allocatorIS2_EEE12emplace_backIJRKS2_EEERS2_DpOT_ CODE
 0001:0000bd10 00000087H .text$_ZNSt3__16vectorIN6System13UnicodeStringENS_9allocatorIS2_EEE22__construct_one_at_endB8ne200100IJRKS2_EEEvDpOT_ CODE
 0001:0000bda0 000000e1H .text$_ZNSt3__16vectorIN6System13UnicodeStringENS_9allocatorIS2_EEE24__emplace_back_slow_pathIJRKS2_EEEPS2_DpOT_ CODE
 0001:0000be90 0000002dH .text$_ZNSt3__16vectorIN6System13UnicodeStringENS_9allocatorIS2_EEE21_ConstructTransactionC1B8ne200100ERS5_y CODE
 0001:0000bec0 00000028H .text$_ZNSt3__116allocator_traitsINS_9allocatorIN6System13UnicodeStringEEEE9constructB8ne200100IS3_JRKS3_EvTnNS_9enable_ifIXntsr15__has_constructIS4_PT_DpT0_EE5valueEiE4typeELi0EEEvRS4_SB_DpOSC_ CODE
 0001:0000bef0 00000019H .text$_ZNSt3__16vectorIN6System13UnicodeStringENS_9allocatorIS2_EEE21_ConstructTransactionD1B8ne200100Ev CODE
 0001:0000bf10 00000049H .text$_ZNSt3__16vectorIN6System13UnicodeStringENS_9allocatorIS2_EEE21_ConstructTransactionC2B8ne200100ERS5_y CODE
 0001:0000bf60 00000023H .text$_ZNSt3__114__construct_atB8ne200100IN6System13UnicodeStringEJRKS2_EPS2_EEPT_S7_DpOT0_ CODE
 0001:0000bf90 0000002cH .text$_ZNSt3__112construct_atB8ne200100IN6System13UnicodeStringEJRKS2_EPS2_EEPT_S7_DpOT0_ CODE
 0001:0000bfc0 00000016H .text$_ZNSt3__16vectorIN6System13UnicodeStringENS_9allocatorIS2_EEE21_ConstructTransactionD2B8ne200100Ev CODE
 0001:0000bfe0 0000008eH .text$_ZNKSt3__16vectorIN6System13UnicodeStringENS_9allocatorIS2_EEE11__recommendB8ne200100Ey CODE
 0001:0000c070 00000037H .text$_ZNSt3__114__split_bufferIN6System13UnicodeStringERNS_9allocatorIS2_EEEC1EyyS5_ CODE
 0001:0000c0b0 00000112H .text$_ZNSt3__16vectorIN6System13UnicodeStringENS_9allocatorIS2_EEE26__swap_out_circular_bufferERNS_14__split_bufferIS2_RS4_EE CODE
 0001:0000c1d0 00000019H .text$_ZNSt3__114__split_bufferIN6System13UnicodeStringERNS_9allocatorIS2_EEED1Ev CODE
 0001:0000c1f0 0000004eH .text$_ZNKSt3__16vectorIN6System13UnicodeStringENS_9allocatorIS2_EEE8max_sizeB8ne200100Ev CODE
 0001:0000c240 00000011H .text$_ZNSt3__16vectorIN6System13UnicodeStringENS_9allocatorIS2_EEE20__throw_length_errorB8ne200100Ev CODE
 0001:0000c260 00000028H .text$_ZNSt3__13maxB8ne200100IyEERKT_S3_S3_ CODE
 0001:0000c290 00000028H .text$_ZNSt3__13minB8ne200100IyEERKT_S3_S3_ CODE
 0001:0000c2c0 00000017H .text$_ZNSt3__116allocator_traitsINS_9allocatorIN6System13UnicodeStringEEEE8max_sizeB8ne200100IS4_vTnNS_9enable_ifIXntsr14__has_max_sizeIKT_EE5valueEiE4typeELi0EEEyRKS4_ CODE
 0001:0000c2e0 0000000fH .text$_ZNSt3__114numeric_limitsIxE3maxB8ne200100Ev CODE
 0001:0000c2f0 0000004dH .text$_ZNSt3__13minB8ne200100IyNS_6__lessIvvEEEERKT_S5_S5_T0_ CODE
 0001:0000c340 0000002bH .text$_ZNKSt3__16__lessIvvEclB8ne200100IyyEEbRKT_RKT0_ CODE
 0001:0000c370 0000000bH .text$_ZNSt3__123__libcpp_numeric_limitsIxLb1EE3maxB8ne200100Ev CODE
 0001:0000c380 0000006dH .text$_ZNSt3__120__throw_length_errorB8ne200100EPKc CODE
 0001:0000c3f0 00000023H .text$_ZNSt12length_errorC1B8ne200100EPKc CODE
 0001:0000c420 0000003aH .text$_ZNSt12length_errorC2B8ne200100EPKc CODE
 0001:0000c460 0000004dH .text$_ZNSt3__13maxB8ne200100IyNS_6__lessIvvEEEERKT_S5_S5_T0_ CODE
 0001:0000c4b0 000000acH .text$_ZNSt3__114__split_bufferIN6System13UnicodeStringERNS_9allocatorIS2_EEEC2EyyS5_ CODE
 0001:0000c560 00000034H .text$_ZNSt3__119__allocate_at_leastB8ne200100INS_9allocatorIN6System13UnicodeStringEEEEEDaRT_y CODE
 0001:0000c5a0 0000003aH .text$_ZNSt3__116allocator_traitsINS_9allocatorIN6System13UnicodeStringEEEE17allocate_at_leastB8ne200100IS4_EENS_17allocation_resultIPS3_yEERT_y CODE
 0001:0000c5e0 0000004dH .text$_ZNSt3__19allocatorIN6System13UnicodeStringEE17allocate_at_leastB8ne200100Ey CODE
 0001:0000c630 00000049H .text$_ZNSt3__19allocatorIN6System13UnicodeStringEE8allocateB8ne200100Ey CODE
 0001:0000c680 00000065H .text$_ZNSt3__117__libcpp_allocateB8ne200100IN6System13UnicodeStringEEEPT_NS_15__element_countEy CODE
 0001:0000c6f0 00000137H .text$_ZNSt3__134__uninitialized_allocator_relocateB8ne200100INS_9allocatorIN6System13UnicodeStringEEEPS3_EEvRT_T0_S8_S8_ CODE
 0001:0000c830 0000003bH .text$_ZNSt3__14swapB8ne200100IPN6System13UnicodeStringEEENS_9enable_ifIXaasr21is_move_constructibleIT_EE5valuesr18is_move_assignableIS5_EE5valueEvE4typeERS5_S8_ CODE
 0001:0000c870 00000012H .text$_ZNKSt3__16vectorIN6System13UnicodeStringENS_9allocatorIS2_EEE14__annotate_newB8ne200100Ey CODE
 0001:0000c890 00000044H .text$_ZNSt3__122__make_exception_guardB8ne200100INS_29_AllocatorDestroyRangeReverseINS_9allocatorIN6System13UnicodeStringEEEPS4_EEEENS_28__exception_guard_exceptionsIT_EES9_ CODE
 0001:0000c8e0 00000037H .text$_ZNSt3__129_AllocatorDestroyRangeReverseINS_9allocatorIN6System13UnicodeStringEEEPS3_EC1B8ne200100ERS4_RS5_S8_ CODE
 0001:0000c920 00000028H .text$_ZNSt3__116allocator_traitsINS_9allocatorIN6System13UnicodeStringEEEE9constructB8ne200100IS3_JS3_EvTnNS_9enable_ifIXntsr15__has_constructIS4_PT_DpT0_EE5valueEiE4typeELi0EEEvRS4_S9_DpOSA_ CODE
 0001:0000c950 0000000fH .text$_ZNSt3__128__exception_guard_exceptionsINS_29_AllocatorDestroyRangeReverseINS_9allocatorIN6System13UnicodeStringEEEPS4_EEE10__completeB8ne200100Ev CODE
 0001:0000c960 00000055H .text$_ZNSt3__119__allocator_destroyB8ne200100INS_9allocatorIN6System13UnicodeStringEEEPS3_S5_EEvRT_T0_T1_ CODE
 0001:0000c9c0 00000019H .text$_ZNSt3__128__exception_guard_exceptionsINS_29_AllocatorDestroyRangeReverseINS_9allocatorIN6System13UnicodeStringEEEPS4_EEED1B8ne200100Ev CODE
 0001:0000c9e0 0000001eH .text$_ZNSt3__128__exception_guard_exceptionsINS_29_AllocatorDestroyRangeReverseINS_9allocatorIN6System13UnicodeStringEEEPS4_EEEC1B8ne200100ES7_ CODE
 0001:0000ca00 00000031H .text$_ZNSt3__128__exception_guard_exceptionsINS_29_AllocatorDestroyRangeReverseINS_9allocatorIN6System13UnicodeStringEEEPS4_EEEC2B8ne200100ES7_ CODE
 0001:0000ca40 0000003aH .text$_ZNSt3__129_AllocatorDestroyRangeReverseINS_9allocatorIN6System13UnicodeStringEEEPS3_EC2B8ne200100ERS4_RS5_S8_ CODE
 0001:0000ca80 00000023H .text$_ZNSt3__114__construct_atB8ne200100IN6System13UnicodeStringEJS2_EPS2_EEPT_S5_DpOT0_ CODE
 0001:0000cab0 00000048H .text$_ZNSt3__112construct_atB8ne200100IN6System13UnicodeStringEJS2_EPS2_EEPT_S5_DpOT0_ CODE
 0001:0000cb00 00000035H .text$_ZNSt3__128__exception_guard_exceptionsINS_29_AllocatorDestroyRangeReverseINS_9allocatorIN6System13UnicodeStringEEEPS4_EEED2B8ne200100Ev CODE
 0001:0000cb40 0000005cH .text$_ZNKSt3__129_AllocatorDestroyRangeReverseINS_9allocatorIN6System13UnicodeStringEEEPS3_EclB8ne200100Ev CODE
 0001:0000cba0 00000064H .text$_ZNSt3__119__allocator_destroyB8ne200100INS_9allocatorIN6System13UnicodeStringEEENS_16reverse_iteratorIPS3_EES7_EEvRT_T0_T1_ CODE
 0001:0000cc10 00000023H .text$_ZNSt3__116reverse_iteratorIPN6System13UnicodeStringEEC1B8ne200100ES3_ CODE
 0001:0000cc40 0000003cH .text$_ZNSt3__1neB8ne200100IPN6System13UnicodeStringES3_EEbRKNS_16reverse_iteratorIT_EERKNS4_IT0_EEQrqXnecldtfp_4baseEcldtfp0_4baseERNS_14convertible_toIbEEE CODE
 0001:0000cc80 00000019H .text$_ZNSt3__112__to_addressB8ne200100INS_16reverse_iteratorIPN6System13UnicodeStringEEETnNS_9enable_ifIXsr4_AndINS_8is_classIT_EENS_15_IsFancyPointerIS8_EEEE5valueEiE4typeELi0EEEu7__decayIDTclsr19__to_address_helperIS8_EE6__callclsr3stdE7declvalIRKS8_EEEEESF_ CODE
 0001:0000cca0 00000017H .text$_ZNSt3__116reverse_iteratorIPN6System13UnicodeStringEEppB8ne200100Ev CODE
 0001:0000ccc0 0000000fH .text$_ZNKSt3__116reverse_iteratorIPN6System13UnicodeStringEE4baseB8ne200100Ev CODE
 0001:0000ccd0 00000033H .text$_ZNSt3__119__to_address_helperINS_16reverse_iteratorIPN6System13UnicodeStringEEEvE6__callB8ne200100ERKS5_ CODE
 0001:0000cd10 0000002bH .text$_ZNKSt3__116reverse_iteratorIPN6System13UnicodeStringEEptB8ne200100EvQoo12is_pointer_vIT_ErQS5__XcldtfpK_onptEE CODE
 0001:0000cd40 00000026H .text$_ZNSt3__116reverse_iteratorIPN6System13UnicodeStringEEC2B8ne200100ES3_ CODE
 0001:0000cd70 00000068H .text$_ZNSt3__114__split_bufferIN6System13UnicodeStringERNS_9allocatorIS2_EEED2Ev CODE
 0001:0000cde0 0000001dH .text$_ZNSt3__114__split_bufferIN6System13UnicodeStringERNS_9allocatorIS2_EEE5clearB8ne200100Ev CODE
 0001:0000ce00 00000019H .text$_ZNKSt3__114__split_bufferIN6System13UnicodeStringERNS_9allocatorIS2_EEE8capacityB8ne200100Ev CODE
 0001:0000ce20 00000028H .text$_ZNSt3__114__split_bufferIN6System13UnicodeStringERNS_9allocatorIS2_EEE17__destruct_at_endB8ne200100EPS2_ CODE
 0001:0000ce50 0000006bH .text$_ZNSt3__114__split_bufferIN6System13UnicodeStringERNS_9allocatorIS2_EEE17__destruct_at_endB8ne200100EPS2_NS_17integral_constantIbLb0EEE CODE
 0001:0000cec0 0000002bH .text$_ZNSt3__115__tree_iteratorINS_12__value_typeIN6System13UnicodeStringES3_EEPNS_11__tree_nodeIS4_PvEExEppB8ne200100Ev CODE
 0001:0000cef0 00000067H .text$_ZNSt3__116__tree_next_iterB8ne200100IPNS_15__tree_end_nodeIPNS_16__tree_node_baseIPvEEEES5_EET_T0_ CODE
 0001:0000cf60 00000022H .text$_ZNSt3__110__tree_minB8ne200100IPNS_16__tree_node_baseIPvEEEET_S5_ CODE
 0001:0000cf90 00000027H .text$_ZNSt3__16vectorIN6System13UnicodeStringENS_9allocatorIS2_EEE11__make_iterB8ne200100EPS2_ CODE
 0001:0000cfc0 0000000bH .text$_ZNSt3__16vectorIN6System13UnicodeStringENS_9allocatorIS2_EEE26__add_alignment_assumptionB8ne200100IPS2_TnNS_9enable_ifIXsr10is_pointerIT_EE5valueEiE4typeELi0EEES7_S9_ CODE
 0001:0000cfd0 00000023H .text$_ZNSt3__111__wrap_iterIPN6System13UnicodeStringEEC1B8ne200100ES3_ CODE
 0001:0000d000 0000001eH .text$_ZNSt3__111__wrap_iterIPN6System13UnicodeStringEEC2B8ne200100ES3_ CODE
 0001:0000d020 0000000eH .text$_ZNKSt3__111__wrap_iterIPN6System13UnicodeStringEE4baseB8ne200100Ev CODE
 0001:0000d030 0000000bH .text$_ZN10DNSManager18CheckDNSInRegistryEPKc CODE
 0001:0000d040 00000151H .text$_ZN10DNSManager20GetActiveAdapterNameEv CODE
 0001:0000d1a0 0000003dH .text$_ZNK6System13UnicodeString5c_strEv CODE
 0001:0000d1e0 000000a8H .text$_ZN14ScriptDatabase9GetScriptERKN6System13UnicodeStringE CODE
 0001:0000d290 00000030H .text$_ZN6System3SetINS_8Sysutils12TReplaceFlagELS2_0ELS2_1EEC1Ev CODE
 0001:0000d2c0 00000070H .text$_ZN6System3SetINS_8Sysutils12TReplaceFlagELS2_0ELS2_1EElsES2_ CODE
 0001:0000d330 0000003bH .text$_ZNSt3__13mapIN6System13UnicodeStringES2_NS_4lessIS2_EENS_9allocatorINS_4pairIKS2_S2_EEEEE4findB8ne200100ERS7_ CODE
 0001:0000d370 00000080H .text$_ZNSt3__13mapIN6System13UnicodeStringES2_NS_4lessIS2_EENS_9allocatorINS_4pairIKS2_S2_EEEEEixERS7_ CODE
 0001:0000d3f0 000000e9H .text$_ZNSt3__16__treeINS_12__value_typeIN6System13UnicodeStringES3_EENS_19__map_value_compareIS3_S4_NS_4lessIS3_EELb1EEENS_9allocatorIS4_EEE4findIS3_EENS_15__tree_iteratorIS4_PNS_11__tree_nodeIS4_PvEExEERKT_ CODE
 0001:0000d4e0 00000090H .text$_ZNSt3__16__treeINS_12__value_typeIN6System13UnicodeStringES3_EENS_19__map_value_compareIS3_S4_NS_4lessIS3_EELb1EEENS_9allocatorIS4_EEE13__lower_boundIS3_EENS_15__tree_iteratorIS4_PNS_11__tree_nodeIS4_PvEExEERKT_SH_PNS_15__tree_end_nodeIPNS_16__tree_node_baseISF_EEEE CODE
 0001:0000d570 0000001cH .text$_ZNKSt3__115__tree_iteratorINS_12__value_typeIN6System13UnicodeStringES3_EEPNS_11__tree_nodeIS4_PvEExEdeB8ne200100Ev CODE
 0001:0000d590 00000153H .text$_ZNSt3__16__treeINS_12__value_typeIN6System13UnicodeStringES3_EENS_19__map_value_compareIS3_S4_NS_4lessIS3_EELb1EEENS_9allocatorIS4_EEE25__emplace_unique_key_argsIS3_JRKNS_21piecewise_construct_tENS_5tupleIJRKS3_EEENSG_IJEEEEEENS_4pairINS_15__tree_iteratorIS4_PNS_11__tree_nodeIS4_PvEExEEbEERKT_DpOT0_ CODE
 0001:0000d6f0 00000022H .text$_ZNSt3__116forward_as_tupleB8ne200100IJRKN6System13UnicodeStringEEEENS_5tupleIJDpOT_EEES8_ CODE
 0001:0000d720 00000160H .text$_ZNSt3__16__treeINS_12__value_typeIN6System13UnicodeStringES3_EENS_19__map_value_compareIS3_S4_NS_4lessIS3_EELb1EEENS_9allocatorIS4_EEE16__construct_nodeIJRKNS_21piecewise_construct_tENS_5tupleIJRKS3_EEENSG_IJEEEEEENS_10unique_ptrINS_11__tree_nodeIS4_PvEENS_22__tree_node_destructorINS9_ISO_EEEEEEDpOT_ CODE
 0001:0000d880 0000003cH .text$_ZNSt3__116allocator_traitsINS_9allocatorINS_11__tree_nodeINS_12__value_typeIN6System13UnicodeStringES5_EEPvEEEEE9constructB8ne200100INS_4pairIKS5_S5_EEJRKNS_21piecewise_construct_tENS_5tupleIJRSD_EEENSI_IJEEEEvTnNS_9enable_ifIXntsr15__has_constructIS9_PT_DpT0_EE5valueEiE4typeELi0EEEvRS9_SO_DpOSP_ CODE
 0001:0000d8c0 00000037H .text$_ZNSt3__114__construct_atB8ne200100INS_4pairIKN6System13UnicodeStringES3_EEJRKNS_21piecewise_construct_tENS_5tupleIJRS4_EEENS9_IJEEEEPS5_EEPT_SF_DpOT0_ CODE
 0001:0000d900 0000004cH .text$_ZNSt3__112construct_atB8ne200100INS_4pairIKN6System13UnicodeStringES3_EEJRKNS_21piecewise_construct_tENS_5tupleIJRS4_EEENS9_IJEEEEPS5_EEPT_SF_DpOT0_ CODE
 0001:0000d950 00000047H .text$_ZNSt3__14pairIKN6System13UnicodeStringES2_EC1B8ne200100IJRS3_EJEEENS_21piecewise_construct_tENS_5tupleIJDpT_EEENS8_IJDpT0_EEE CODE
 0001:0000d9a0 00000061H .text$_ZNSt3__14pairIKN6System13UnicodeStringES2_EC1B8ne200100IJRS3_EJEJLy0EETpTnyJEEENS_21piecewise_construct_tERNS_5tupleIJDpT_EEERNS8_IJDpT0_EEENS_15__tuple_indicesIJXspT1_EEEENSH_IJXspT2_EEEE CODE
 0001:0000da10 0000009dH .text$_ZNSt3__14pairIKN6System13UnicodeStringES2_EC2B8ne200100IJRS3_EJEJLy0EETpTnyJEEENS_21piecewise_construct_tERNS_5tupleIJDpT_EEERNS8_IJDpT0_EEENS_15__tuple_indicesIJXspT1_EEEENSH_IJXspT2_EEEE CODE
 0001:0000dab0 00000019H .text$_ZNSt3__13getB8ne200100ILy0EJRKN6System13UnicodeStringEEEERNS_13tuple_elementIXT_ENS_5tupleIJDpT0_EEEE4typeERS9_ CODE
 0001:0000dad0 0000000eH .text$_ZNSt3__112__tuple_leafILy0ERKN6System13UnicodeStringELb0EE3getB8ne200100Ev CODE
 0001:0000dae0 00000023H .text$_ZNSt3__15tupleIJRKN6System13UnicodeStringEEEC1B8ne200100INS_4_AndETnNS_9enable_ifIXsrT_IJNS_17integral_constantIbLb1EEENS_21is_copy_constructibleIS4_EEEE5valueEiE4typeELi0EEES4_ CODE
 0001:0000db10 00000040H .text$_ZNSt3__15tupleIJRKN6System13UnicodeStringEEEC2B8ne200100INS_4_AndETnNS_9enable_ifIXsrT_IJNS_17integral_constantIbLb1EEENS_21is_copy_constructibleIS4_EEEE5valueEiE4typeELi0EEES4_ CODE
 0001:0000db50 00000056H .text$_ZNSt3__112__tuple_implINS_15__tuple_indicesIJLy0EEEEJRKN6System13UnicodeStringEEEC1B8ne200100IJLy0EEJS6_ETpTnyJEJEJS6_EEENS1_IJXspT_EEEENS_13__tuple_typesIJDpT0_EEENS1_IJXspT1_EEEENSA_IJDpT2_EEEDpOT3_ CODE
 0001:0000dbb0 00000039H .text$_ZNSt3__112__tuple_implINS_15__tuple_indicesIJLy0EEEEJRKN6System13UnicodeStringEEEC2B8ne200100IJLy0EEJS6_ETpTnyJEJEJS6_EEENS1_IJXspT_EEEENS_13__tuple_typesIJDpT0_EEENS1_IJXspT1_EEEENSA_IJDpT2_EEEDpOT3_ CODE
 0001:0000dbf0 0000001eH .text$_ZNSt3__112__tuple_leafILy0ERKN6System13UnicodeStringELb0EEC2B8ne200100IS4_TnNS_9enable_ifIXsr4_AndINS_17integral_constantIbXntu9__is_sameu14__remove_cvrefIT_ES5_EEEENS_16is_constructibleIS4_JS9_EEEEE5valueEiE4typeELi0EEEOS9_ CODE
 0001:0000dc10 00000021H .text$_ZN6System3SetINS_8Sysutils12TReplaceFlagELS2_0ELS2_1EEC2Ev CODE
 0001:0000dc40 00000086H .text$_ZNSt3__16vectorIN6System13UnicodeStringENS_9allocatorIS2_EEE13__move_assignERS5_NS_17integral_constantIbLb1EEE CODE
 0001:0000dcd0 00000072H .text$_ZNSt3__16vectorIN6System13UnicodeStringENS_9allocatorIS2_EEE13__vdeallocateEv CODE
 0001:0000dd50 00000028H .text$_ZNSt3__16vectorIN6System13UnicodeStringENS_9allocatorIS2_EEE19__move_assign_allocB8ne200100ERS5_ CODE
 0001:0000dd80 00000017H .text$_ZNSt3__16vectorIN6System13UnicodeStringENS_9allocatorIS2_EEE19__move_assign_allocB8ne200100ERS5_NS_17integral_constantIbLb1EEE CODE
 0001:0000dda0 000000cbH .text$_ZN14ProcessManager17CheckWinwsRunningEv CODE
 0001:0000de70 00007136H .text                   CODE
 0001:00014fb0 000000c1H .text$_ZN6System8Sysutils11ERangeErrorC3ENS_13UnicodeStringE CODE
 0001:00015080 00000048H .text$_ZN6System8Sysutils11ERangeErrorD0Ev CODE
 0001:000150d0 0000004aH .text$_ZN6System11WideCharLenIwEEiPKT_ CODE
 0001:00015120 0000004aH .text$_ZN6System11WideCharLenIDsEEiPKT_ CODE
 0001:00015170 00000059H .text$_ZN6System11AnsiStringTILt0EEC2EPKci CODE
 0001:000151d0 000000d0H .text$_ZN6System11AnsiStringTILt0EED2Ev CODE
 0001:000152a0 00000030H .text$_ZN6System11AnsiStringTILt0EEC2Ev CODE
 0001:000152d0 0000002aH .text$_ZN6System13UnicodeStringC2ILt0EEERKNS_11AnsiStringTIXT_EEE CODE
 0001:00015300 00000046H .text$_ZN6System15DelphiInterfaceINS_14IEnumerator__1INS_13UnicodeStringEEEEC2ERKS4_ CODE
 0001:00015350 000000eaH .text$_ZN6System15DelphiInterfaceINS_14IEnumerator__1INS_13UnicodeStringEEEED2Ev CODE
 0001:00015440 00000046H .text$_ZN6System15DelphiInterfaceINS_14IEnumerable__1INS_13UnicodeStringEEEEC2ERKS4_ CODE
 0001:00015490 000000eaH .text$_ZN6System15DelphiInterfaceINS_14IEnumerable__1INS_13UnicodeStringEEEED2Ev CODE
 0001:00015580 000000c1H .text$_ZN6System8Sysutils9EIntErrorC3ENS_13UnicodeStringE CODE
 0001:00015650 000000c1H .text$_ZN6System8Sysutils9EExternalC3ENS_13UnicodeStringE CODE
 0001:00015720 00000048H .text$_ZN6System8Sysutils9EIntErrorD0Ev CODE
 0001:00015770 00000048H .text$_ZN6System8Sysutils9EExternalD0Ev CODE
 0001:000157c0 00000023H .text$_ZN6System11AnsiStringTILt0EEC2ERKS1_ CODE
 0001:000157f0 00000012H .text$_ZN6System14AnsiStringBaseC2Ev CODE
 0001:00015810 00000012H .text$_ZN6System15DelphiInterfaceINS_14IEnumerator__1INS_13UnicodeStringEEEEC2Ev CODE
 0001:00015830 00000012H .text$_ZN6System15DelphiInterfaceINS_14IEnumerable__1INS_13UnicodeStringEEEEC2Ev CODE
 0001:00015850 00001968H .text                   CODE
 0001:000171c0 0000000bH .text$_ZN6System15DelphiInterfaceINS_10IInterfaceEEadEv CODE
 0001:000171d0 00000046H .text$_ZN6System15DelphiInterfaceINS_10IInterfaceEED2Ev CODE
 0001:00017220 00000029H .text$_ZNSt3__110lock_guardINS_5mutexEEC2B8ne200100ERS1_ CODE
 0001:00017250 00000019H .text$_ZNSt3__113unordered_mapIPN6System7Typinfo9TTypeInfoEPSt9type_infoNS_4hashIS4_EENS_8equal_toIS4_EENS_9allocatorINS_4pairIKS4_S6_EEEEEC2B8ne200100Ev CODE
 0001:00017270 00000019H .text$_ZNSt3__113unordered_mapIPN6System7Typinfo9TTypeInfoEPSt9type_infoNS_4hashIS4_EENS_8equal_toIS4_EENS_9allocatorINS_4pairIKS4_S6_EEEEED2B8ne200100Ev CODE
 0001:00017290 00000080H .text$_ZNSt3__113unordered_mapIPN6System7Typinfo9TTypeInfoEPSt9type_infoNS_4hashIS4_EENS_8equal_toIS4_EENS_9allocatorINS_4pairIKS4_S6_EEEEEixERSD_ CODE
 0001:00017310 0000004aH .text$_ZN6System11AnsiStringTILt65001EEC2ERKNS_13UnicodeStringE CODE
 0001:00017360 0000008bH .text$_ZNK6System11AnsiStringTILt65001EEplERKS1_ CODE
 0001:000173f0 0000004aH .text$_ZN6System11AnsiStringTILt65001EEC2EPKc CODE
 0001:00017440 00000030H .text$_ZN6System11AnsiStringTILt65001EEC2Ev CODE
 0001:00017470 00000045H .text$_ZN6System11AnsiStringTILt65001EEaSEOS1_ CODE
 0001:000174c0 00000019H .text$_ZN6System11AnsiStringTILt65001EED2Ev CODE
 0001:000174e0 00000030H .text$_ZN10__cxxabiv117__class_type_infoC2Ev CODE
 0001:00017510 0000003cH .text$_ZNK6System11AnsiStringTILt65001EE5c_strEv CODE
 0001:00017550 0000001cH .text$_ZNSt3__110lock_guardINS_5mutexEED2B8ne200100Ev CODE
 0001:00017570 00000030H .text$_ZN10__cxxabiv116__shim_type_infoC2Ev CODE
 0001:000175a0 0000005fH .text$_ZNSt3__112__hash_tableINS_17__hash_value_typeIPN6System7Typinfo9TTypeInfoEPSt9type_infoEENS_22__unordered_map_hasherIS5_S8_NS_4hashIS5_EENS_8equal_toIS5_EELb1EEENS_21__unordered_map_equalIS5_S8_SD_SB_Lb1EEENS_9allocatorIS8_EEEC2Ev CODE
 0001:00017600 00000024H .text$_ZNSt3__110unique_ptrIA_PNS_16__hash_node_baseIPNS_11__hash_nodeINS_17__hash_value_typeIPN6System7Typinfo9TTypeInfoEPSt9type_infoEEPvEEEENS_25__bucket_list_deallocatorINS_9allocatorISF_EEEEEC2B8ne200100ILb1EvEEv CODE
 0001:00017630 00000012H .text$_ZNSt3__116__hash_node_baseIPNS_11__hash_nodeINS_17__hash_value_typeIPN6System7Typinfo9TTypeInfoEPSt9type_infoEEPvEEEC2B8ne200100Ev CODE
 0001:00017650 00000019H .text$_ZNSt3__19allocatorINS_11__hash_nodeINS_17__hash_value_typeIPN6System7Typinfo9TTypeInfoEPSt9type_infoEEPvEEEC2B8ne200100Ev CODE
 0001:00017670 00000007H .text$_ZNSt3__122__unordered_map_hasherIPN6System7Typinfo9TTypeInfoENS_17__hash_value_typeIS4_PSt9type_infoEENS_4hashIS4_EENS_8equal_toIS4_EELb1EEC2B8ne200100Ev CODE
 0001:00017680 00000007H .text$_ZNSt3__121__unordered_map_equalIPN6System7Typinfo9TTypeInfoENS_17__hash_value_typeIS4_PSt9type_infoEENS_8equal_toIS4_EENS_4hashIS4_EELb1EEC2B8ne200100Ev CODE
 0001:00017690 00000020H .text$_ZNSt3__125__bucket_list_deallocatorINS_9allocatorIPNS_16__hash_node_baseIPNS_11__hash_nodeINS_17__hash_value_typeIPN6System7Typinfo9TTypeInfoEPSt9type_infoEEPvEEEEEEEC2B8ne200100Ev CODE
 0001:000176b0 00000019H .text$_ZNSt3__19allocatorIPNS_16__hash_node_baseIPNS_11__hash_nodeINS_17__hash_value_typeIPN6System7Typinfo9TTypeInfoEPSt9type_infoEEPvEEEEEC2B8ne200100Ev CODE
 0001:000176d0 00000007H .text$_ZNSt3__116__non_trivial_ifILb1ENS_9allocatorIPNS_16__hash_node_baseIPNS_11__hash_nodeINS_17__hash_value_typeIPN6System7Typinfo9TTypeInfoEPSt9type_infoEEPvEEEEEEEC2B8ne200100Ev CODE
 0001:000176e0 00000007H .text$_ZNSt3__116__non_trivial_ifILb1ENS_9allocatorINS_11__hash_nodeINS_17__hash_value_typeIPN6System7Typinfo9TTypeInfoEPSt9type_infoEEPvEEEEEC2B8ne200100Ev CODE
 0001:000176f0 0000002cH .text$_ZNSt3__112__hash_tableINS_17__hash_value_typeIPN6System7Typinfo9TTypeInfoEPSt9type_infoEENS_22__unordered_map_hasherIS5_S8_NS_4hashIS5_EENS_8equal_toIS5_EELb1EEENS_21__unordered_map_equalIS5_S8_SD_SB_Lb1EEENS_9allocatorIS8_EEED2Ev CODE
 0001:00017720 000000c0H .text$_ZNSt3__112__hash_tableINS_17__hash_value_typeIPN6System7Typinfo9TTypeInfoEPSt9type_infoEENS_22__unordered_map_hasherIS5_S8_NS_4hashIS5_EENS_8equal_toIS5_EELb1EEENS_21__unordered_map_equalIS5_S8_SD_SB_Lb1EEENS_9allocatorIS8_EEE17__deallocate_nodeEPNS_16__hash_node_baseIPNS_11__hash_nodeIS8_PvEEEE CODE
 0001:000177e0 0000001dH .text$_ZNSt3__110unique_ptrIA_PNS_16__hash_node_baseIPNS_11__hash_nodeINS_17__hash_value_typeIPN6System7Typinfo9TTypeInfoEPSt9type_infoEEPvEEEENS_25__bucket_list_deallocatorINS_9allocatorISF_EEEEED2B8ne200100Ev CODE
 0001:00017800 0000000bH .text$_ZNSt3__112__hash_tableINS_17__hash_value_typeIPN6System7Typinfo9TTypeInfoEPSt9type_infoEENS_22__unordered_map_hasherIS5_S8_NS_4hashIS5_EENS_8equal_toIS5_EELb1EEENS_21__unordered_map_equalIS5_S8_SD_SB_Lb1EEENS_9allocatorIS8_EEE12__node_allocB8ne200100Ev CODE
 0001:00017810 00000019H .text$_ZNSt3__116__hash_node_baseIPNS_11__hash_nodeINS_17__hash_value_typeIPN6System7Typinfo9TTypeInfoEPSt9type_infoEEPvEEE8__upcastB8ne200100Ev CODE
 0001:00017830 0000001eH .text$_ZNSt3__116allocator_traitsINS_9allocatorINS_11__hash_nodeINS_17__hash_value_typeIPN6System7Typinfo9TTypeInfoEPSt9type_infoEEPvEEEEE7destroyB8ne200100INS_4pairIKS7_S9_EEvTnNS_9enable_ifIXntsr13__has_destroyISD_PT_EE5valueEiE4typeELi0EEEvRSD_SL_ CODE
 0001:00017850 00000019H .text$_ZNSt3__122__hash_key_value_typesINS_17__hash_value_typeIPN6System7Typinfo9TTypeInfoEPSt9type_infoEEE9__get_ptrB8ne200100ERS8_ CODE
 0001:00017870 0000000fH .text$_ZNSt3__111__hash_nodeINS_17__hash_value_typeIPN6System7Typinfo9TTypeInfoEPSt9type_infoEEPvE11__get_valueB8ne200100Ev CODE
 0001:00017880 00000019H .text$_ZNSt3__112__destroy_atB8ne200100INS_11__hash_nodeINS_17__hash_value_typeIPN6System7Typinfo9TTypeInfoEPSt9type_infoEEPvEETnNS_9enable_ifIXntsr8is_arrayIT_EE5valueEiE4typeELi0EEEvPSD_ CODE
 0001:000178a0 0000002dH .text$_ZNSt3__116allocator_traitsINS_9allocatorINS_11__hash_nodeINS_17__hash_value_typeIPN6System7Typinfo9TTypeInfoEPSt9type_infoEEPvEEEEE10deallocateB8ne200100ERSD_PSC_y CODE
 0001:000178d0 0000000bH .text$_ZNSt3__114pointer_traitsIPNS_16__hash_node_baseIPNS_11__hash_nodeINS_17__hash_value_typeIPN6System7Typinfo9TTypeInfoEPSt9type_infoEEPvEEEEE10pointer_toB8ne200100ERSE_ CODE
 0001:000178e0 00000007H .text$_ZNSt3__112__destroy_atB8ne200100INS_4pairIKPN6System7Typinfo9TTypeInfoEPSt9type_infoEETnNS_9enable_ifIXntsr8is_arrayIT_EE5valueEiE4typeELi0EEEvPSB_ CODE
 0001:000178f0 00000019H .text$_ZNSt3__117__hash_value_typeIPN6System7Typinfo9TTypeInfoEPSt9type_infoE11__get_valueB8ne200100Ev CODE
 0001:00017910 00000019H .text$_ZNSt3__17launderB8ne200100INS_4pairIKPN6System7Typinfo9TTypeInfoEPSt9type_infoEEEEPT_SB_ CODE
 0001:00017930 0000000bH .text$_ZNSt3__19__launderB8ne200100INS_4pairIKPN6System7Typinfo9TTypeInfoEPSt9type_infoEEEEPT_SB_ CODE
 0001:00017940 00000007H .text$_ZNSt3__111__hash_nodeINS_17__hash_value_typeIPN6System7Typinfo9TTypeInfoEPSt9type_infoEEPvED2B8ne200100Ev CODE
 0001:00017950 0000002eH .text$_ZNSt3__19allocatorINS_11__hash_nodeINS_17__hash_value_typeIPN6System7Typinfo9TTypeInfoEPSt9type_infoEEPvEEE10deallocateB8ne200100EPSB_y CODE
 0001:00017980 0000005cH .text$_ZNSt3__119__libcpp_deallocateB8ne200100INS_11__hash_nodeINS_17__hash_value_typeIPN6System7Typinfo9TTypeInfoEPSt9type_infoEEPvEEEEvPNS_15__type_identityIT_E4typeENS_15__element_countEy CODE
 0001:000179e0 00000023H .text$_ZNSt3__124__libcpp_operator_deleteB8ne200100IJPNS_11__hash_nodeINS_17__hash_value_typeIPN6System7Typinfo9TTypeInfoEPSt9type_infoEEPvEESt11align_val_tEEEvDpT_ CODE
 0001:00017a10 00000019H .text$_ZNSt3__124__libcpp_operator_deleteB8ne200100IJPNS_11__hash_nodeINS_17__hash_value_typeIPN6System7Typinfo9TTypeInfoEPSt9type_infoEEPvEEEEEvDpT_ CODE
 0001:00017a30 00000048H .text$_ZNSt3__110unique_ptrIA_PNS_16__hash_node_baseIPNS_11__hash_nodeINS_17__hash_value_typeIPN6System7Typinfo9TTypeInfoEPSt9type_infoEEPvEEEENS_25__bucket_list_deallocatorINS_9allocatorISF_EEEEE5resetB8ne200100EDn CODE
 0001:00017a80 0000004eH .text$_ZNSt3__125__bucket_list_deallocatorINS_9allocatorIPNS_16__hash_node_baseIPNS_11__hash_nodeINS_17__hash_value_typeIPN6System7Typinfo9TTypeInfoEPSt9type_infoEEPvEEEEEEEclB8ne200100EPSG_ CODE
 0001:00017ad0 0000002dH .text$_ZNSt3__116allocator_traitsINS_9allocatorIPNS_16__hash_node_baseIPNS_11__hash_nodeINS_17__hash_value_typeIPN6System7Typinfo9TTypeInfoEPSt9type_infoEEPvEEEEEEE10deallocateB8ne200100ERSH_PSG_y CODE
 0001:00017b00 0000000bH .text$_ZNSt3__125__bucket_list_deallocatorINS_9allocatorIPNS_16__hash_node_baseIPNS_11__hash_nodeINS_17__hash_value_typeIPN6System7Typinfo9TTypeInfoEPSt9type_infoEEPvEEEEEEE7__allocB8ne200100Ev CODE
 0001:00017b10 0000000bH .text$_ZNSt3__125__bucket_list_deallocatorINS_9allocatorIPNS_16__hash_node_baseIPNS_11__hash_nodeINS_17__hash_value_typeIPN6System7Typinfo9TTypeInfoEPSt9type_infoEEPvEEEEEEE4sizeB8ne200100Ev CODE
 0001:00017b20 0000002eH .text$_ZNSt3__19allocatorIPNS_16__hash_node_baseIPNS_11__hash_nodeINS_17__hash_value_typeIPN6System7Typinfo9TTypeInfoEPSt9type_infoEEPvEEEEE10deallocateB8ne200100EPSF_y CODE
 0001:00017b50 0000005cH .text$_ZNSt3__119__libcpp_deallocateB8ne200100IPNS_16__hash_node_baseIPNS_11__hash_nodeINS_17__hash_value_typeIPN6System7Typinfo9TTypeInfoEPSt9type_infoEEPvEEEEEEvPNS_15__type_identityIT_E4typeENS_15__element_countEy CODE
 0001:00017bb0 00000023H .text$_ZNSt3__124__libcpp_operator_deleteB8ne200100IJPPNS_16__hash_node_baseIPNS_11__hash_nodeINS_17__hash_value_typeIPN6System7Typinfo9TTypeInfoEPSt9type_infoEEPvEEEESt11align_val_tEEEvDpT_ CODE
 0001:00017be0 00000019H .text$_ZNSt3__124__libcpp_operator_deleteB8ne200100IJPPNS_16__hash_node_baseIPNS_11__hash_nodeINS_17__hash_value_typeIPN6System7Typinfo9TTypeInfoEPSt9type_infoEEPvEEEEEEEvDpT_ CODE
 0001:00017c00 00000726H .text$_ZNSt3__112__hash_tableINS_17__hash_value_typeIPN6System7Typinfo9TTypeInfoEPSt9type_infoEENS_22__unordered_map_hasherIS5_S8_NS_4hashIS5_EENS_8equal_toIS5_EELb1EEENS_21__unordered_map_equalIS5_S8_SD_SB_Lb1EEENS_9allocatorIS8_EEE25__emplace_unique_key_argsIS5_JRKNS_21piecewise_construct_tENS_5tupleIJRKS5_EEENSO_IJEEEEEENS_4pairINS_15__hash_iteratorIPNS_11__hash_nodeIS8_PvEEEEbEERKT_DpOT0_ CODE
 0001:00018330 00000022H .text$_ZNSt3__116forward_as_tupleB8ne200100IJRKPN6System7Typinfo9TTypeInfoEEEENS_5tupleIJDpOT_EEESA_ CODE
 0001:00018360 0000002cH .text$_ZNKSt3__115__hash_iteratorIPNS_11__hash_nodeINS_17__hash_value_typeIPN6System7Typinfo9TTypeInfoEPSt9type_infoEEPvEEEptB8ne200100Ev CODE
 0001:00018390 0000000bH .text$_ZNSt3__112__hash_tableINS_17__hash_value_typeIPN6System7Typinfo9TTypeInfoEPSt9type_infoEENS_22__unordered_map_hasherIS5_S8_NS_4hashIS5_EENS_8equal_toIS5_EELb1EEENS_21__unordered_map_equalIS5_S8_SD_SB_Lb1EEENS_9allocatorIS8_EEE13hash_functionB8ne200100Ev CODE
 0001:000183a0 00000026H .text$_ZNKSt3__122__unordered_map_hasherIPN6System7Typinfo9TTypeInfoENS_17__hash_value_typeIS4_PSt9type_infoEENS_4hashIS4_EENS_8equal_toIS4_EELb1EEclB8ne200100ERKS4_ CODE
 0001:000183d0 00000021H .text$_ZNKSt3__112__hash_tableINS_17__hash_value_typeIPN6System7Typinfo9TTypeInfoEPSt9type_infoEENS_22__unordered_map_hasherIS5_S8_NS_4hashIS5_EENS_8equal_toIS5_EELb1EEENS_21__unordered_map_equalIS5_S8_SD_SB_Lb1EEENS_9allocatorIS8_EEE12bucket_countB8ne200100Ev CODE
 0001:00018400 00000079H .text$_ZNSt3__116__constrain_hashB8ne200100Eyy CODE
 0001:00018480 00000025H .text$_ZNKSt3__110unique_ptrIA_PNS_16__hash_node_baseIPNS_11__hash_nodeINS_17__hash_value_typeIPN6System7Typinfo9TTypeInfoEPSt9type_infoEEPvEEEENS_25__bucket_list_deallocatorINS_9allocatorISF_EEEEEixB8ne200100Ey CODE
 0001:000184b0 0000000fH .text$_ZNKSt3__116__hash_node_baseIPNS_11__hash_nodeINS_17__hash_value_typeIPN6System7Typinfo9TTypeInfoEPSt9type_infoEEPvEEE6__hashB8ne200100Ev CODE
 0001:000184c0 0000000bH .text$_ZNSt3__112__hash_tableINS_17__hash_value_typeIPN6System7Typinfo9TTypeInfoEPSt9type_infoEENS_22__unordered_map_hasherIS5_S8_NS_4hashIS5_EENS_8equal_toIS5_EELb1EEENS_21__unordered_map_equalIS5_S8_SD_SB_Lb1EEENS_9allocatorIS8_EEE6key_eqB8ne200100Ev CODE
 0001:000184d0 00000040H .text$_ZNKSt3__121__unordered_map_equalIPN6System7Typinfo9TTypeInfoENS_17__hash_value_typeIS4_PSt9type_infoEENS_8equal_toIS4_EENS_4hashIS4_EELb1EEclB8ne200100ERKS8_RKS4_ CODE
 0001:00018510 00000196H .text$_ZNSt3__112__hash_tableINS_17__hash_value_typeIPN6System7Typinfo9TTypeInfoEPSt9type_infoEENS_22__unordered_map_hasherIS5_S8_NS_4hashIS5_EENS_8equal_toIS5_EELb1EEENS_21__unordered_map_equalIS5_S8_SD_SB_Lb1EEENS_9allocatorIS8_EEE21__construct_node_hashIRKNS_21piecewise_construct_tEJNS_5tupleIJRKS5_EEENSO_IJEEEEEENS_10unique_ptrINS_11__hash_nodeIS8_PvEENS_22__hash_node_destructorINSH_ISW_EEEEEEyOT_DpOT0_ CODE
 0001:000186b0 0000000fH .text$_ZNSt3__112__hash_tableINS_17__hash_value_typeIPN6System7Typinfo9TTypeInfoEPSt9type_infoEENS_22__unordered_map_hasherIS5_S8_NS_4hashIS5_EENS_8equal_toIS5_EELb1EEENS_21__unordered_map_equalIS5_S8_SD_SB_Lb1EEENS_9allocatorIS8_EEE4sizeB8ne200100Ev CODE
 0001:000186c0 0000000fH .text$_ZNSt3__112__hash_tableINS_17__hash_value_typeIPN6System7Typinfo9TTypeInfoEPSt9type_infoEENS_22__unordered_map_hasherIS5_S8_NS_4hashIS5_EENS_8equal_toIS5_EELb1EEENS_21__unordered_map_equalIS5_S8_SD_SB_Lb1EEENS_9allocatorIS8_EEE15max_load_factorB8ne200100Ev CODE
 0001:000186d0 00000023H .text$_ZNSt3__112__hash_tableINS_17__hash_value_typeIPN6System7Typinfo9TTypeInfoEPSt9type_infoEENS_22__unordered_map_hasherIS5_S8_NS_4hashIS5_EENS_8equal_toIS5_EELb1EEENS_21__unordered_map_equalIS5_S8_SD_SB_Lb1EEENS_9allocatorIS8_EEE15__rehash_uniqueB8ne200100Ey CODE
 0001:00018700 00000040H .text$_ZNSt3__116__is_hash_power2B8ne200100Ey CODE
 0001:00018740 0000001bH .text$_ZNSt3__16__math4ceilB8ne200100Ef CODE
 0001:00018760 00000019H .text$_ZNSt3__116__hash_node_baseIPNS_11__hash_nodeINS_17__hash_value_typeIPN6System7Typinfo9TTypeInfoEPSt9type_infoEEPvEEE5__ptrB8ne200100Ev CODE
 0001:00018780 0000000eH .text$_ZNKSt3__110unique_ptrINS_11__hash_nodeINS_17__hash_value_typeIPN6System7Typinfo9TTypeInfoEPSt9type_infoEEPvEENS_22__hash_node_destructorINS_9allocatorISB_EEEEEptB8ne200100Ev CODE
 0001:00018790 0000000eH .text$_ZNKSt3__110unique_ptrINS_11__hash_nodeINS_17__hash_value_typeIPN6System7Typinfo9TTypeInfoEPSt9type_infoEEPvEENS_22__hash_node_destructorINS_9allocatorISB_EEEEE3getB8ne200100Ev CODE
 0001:000187a0 00000025H .text$_ZNSt3__110unique_ptrINS_11__hash_nodeINS_17__hash_value_typeIPN6System7Typinfo9TTypeInfoEPSt9type_infoEEPvEENS_22__hash_node_destructorINS_9allocatorISB_EEEEE7releaseB8ne200100Ev CODE
 0001:000187d0 0000001dH .text$_ZNSt3__110unique_ptrINS_11__hash_nodeINS_17__hash_value_typeIPN6System7Typinfo9TTypeInfoEPSt9type_infoEEPvEENS_22__hash_node_destructorINS_9allocatorISB_EEEEED2B8ne200100Ev CODE
 0001:000187f0 0000001eH .text$_ZNSt3__115__hash_iteratorIPNS_11__hash_nodeINS_17__hash_value_typeIPN6System7Typinfo9TTypeInfoEPSt9type_infoEEPvEEEC2B8ne200100EPNS_16__hash_node_baseISC_EE CODE
 0001:00018810 00000033H .text$_ZNSt3__14pairINS_15__hash_iteratorIPNS_11__hash_nodeINS_17__hash_value_typeIPN6System7Typinfo9TTypeInfoEPSt9type_infoEEPvEEEEbEC2B8ne200100ISE_RbTnNS_9enable_ifIXclsr10_CheckArgsE23__is_pair_constructibleIT_T0_EEEiE4typeELi0EEEOSJ_OSK_ CODE
 0001:00018850 00000047H .text$_ZNKSt3__14hashIPN6System7Typinfo9TTypeInfoEEclB8ne200100ES4_ CODE
 0001:000188a0 000004f2H .text$_ZNKSt3__121__murmur2_or_cityhashIyLy64EEclB8ne200100EPKvy CODE
 0001:00018da0 00000191H .text$_ZNSt3__121__murmur2_or_cityhashIyLy64EE18__hash_len_0_to_16B8ne200100EPKcy CODE
 0001:00018f40 0000010cH .text$_ZNSt3__121__murmur2_or_cityhashIyLy64EE19__hash_len_17_to_32B8ne200100EPKcy CODE
 0001:00019050 00000339H .text$_ZNSt3__121__murmur2_or_cityhashIyLy64EE19__hash_len_33_to_64B8ne200100EPKcy CODE
 0001:00019390 0000001eH .text$_ZNSt3__110__loadwordB8ne200100IyEET_PKv CODE
 0001:000193b0 00000095H .text$_ZNSt3__121__murmur2_or_cityhashIyLy64EE13__hash_len_16B8ne200100Eyy CODE
 0001:00019450 000000b0H .text$_ZNSt3__121__murmur2_or_cityhashIyLy64EE29__weak_hash_len_32_with_seedsB8ne200100EPKcyy CODE
 0001:00019500 00000051H .text$_ZNSt3__121__murmur2_or_cityhashIyLy64EE8__rotateB8ne200100Eyi CODE
 0001:00019560 0000002dH .text$_ZNSt3__14pairIyyEaSB8ne200100EOS1_ CODE
 0001:00019590 0000003bH .text$_ZNSt3__14swapB8ne200100IyEENS_9enable_ifIXaasr21is_move_constructibleIT_EE5valuesr18is_move_assignableIS2_EE5valueEvE4typeERS2_S5_ CODE
 0001:000195d0 00000016H .text$_ZNSt3__121__murmur2_or_cityhashIyLy64EE11__shift_mixB8ne200100Ey CODE
 0001:000195f0 00000037H .text$_ZNSt3__121__murmur2_or_cityhashIyLy64EE22__rotate_by_at_least_1B8ne200100Eyi CODE
 0001:00019630 0000001dH .text$_ZNSt3__110__loadwordB8ne200100IjEET_PKv CODE
 0001:00019650 0000011aH .text$_ZNSt3__121__murmur2_or_cityhashIyLy64EE29__weak_hash_len_32_with_seedsB8ne200100Eyyyyyy CODE
 0001:00019770 00000032H .text$_ZNSt3__14pairIyyEC2B8ne200100IyyTnNS_9enable_ifIXclsr10_CheckArgsE23__is_pair_constructibleIT_T0_EEEiE4typeELi0EEEOS4_OS5_ CODE
 0001:000197b0 0000000fH .text$_ZNKSt3__110unique_ptrIA_PNS_16__hash_node_baseIPNS_11__hash_nodeINS_17__hash_value_typeIPN6System7Typinfo9TTypeInfoEPSt9type_infoEEPvEEEENS_25__bucket_list_deallocatorINS_9allocatorISF_EEEEE11get_deleterB8ne200100Ev CODE
 0001:000197c0 0000000eH .text$_ZNKSt3__125__bucket_list_deallocatorINS_9allocatorIPNS_16__hash_node_baseIPNS_11__hash_nodeINS_17__hash_value_typeIPN6System7Typinfo9TTypeInfoEPSt9type_infoEEPvEEEEEEE4sizeB8ne200100Ev CODE
 0001:000197d0 0000002bH .text$_ZNKSt3__18equal_toIPN6System7Typinfo9TTypeInfoEEclB8ne200100ERKS4_S7_ CODE
 0001:00019800 00000019H .text$_ZNKSt3__117__hash_value_typeIPN6System7Typinfo9TTypeInfoEPSt9type_infoE11__get_valueB8ne200100Ev CODE
 0001:00019820 00000019H .text$_ZNSt3__17launderB8ne200100IKNS_4pairIKPN6System7Typinfo9TTypeInfoEPSt9type_infoEEEEPT_SC_ CODE
 0001:00019840 0000000bH .text$_ZNSt3__19__launderB8ne200100IKNS_4pairIKPN6System7Typinfo9TTypeInfoEPSt9type_infoEEEEPT_SC_ CODE
 0001:00019850 00000023H .text$_ZNSt3__116allocator_traitsINS_9allocatorINS_11__hash_nodeINS_17__hash_value_typeIPN6System7Typinfo9TTypeInfoEPSt9type_infoEEPvEEEEE8allocateB8ne200100ERSD_y CODE
 0001:00019880 00000033H .text$_ZNSt3__122__hash_node_destructorINS_9allocatorINS_11__hash_nodeINS_17__hash_value_typeIPN6System7Typinfo9TTypeInfoEPSt9type_infoEEPvEEEEEC2B8ne200100ERSD_b CODE
 0001:000198c0 00000043H .text$_ZNSt3__110unique_ptrINS_11__hash_nodeINS_17__hash_value_typeIPN6System7Typinfo9TTypeInfoEPSt9type_infoEEPvEENS_22__hash_node_destructorINS_9allocatorISB_EEEEEC2B8ne200100ILb1EvEEPSB_NS_16__dependent_typeINS_27__unique_ptr_deleter_sfinaeISF_EEXT_EE20__good_rval_ref_typeE CODE
 0001:00019910 0000002dH .text$_ZNSt3__114__construct_atB8ne200100INS_11__hash_nodeINS_17__hash_value_typeIPN6System7Typinfo9TTypeInfoEPSt9type_infoEEPvEEJDnRyEPSB_EEPT_SF_DpOT0_ CODE
 0001:00019940 0000000eH .text$_ZNKSt3__110unique_ptrINS_11__hash_nodeINS_17__hash_value_typeIPN6System7Typinfo9TTypeInfoEPSt9type_infoEEPvEENS_22__hash_node_destructorINS_9allocatorISB_EEEEEdeB8ne200100Ev CODE
 0001:00019950 0000003cH .text$_ZNSt3__116allocator_traitsINS_9allocatorINS_11__hash_nodeINS_17__hash_value_typeIPN6System7Typinfo9TTypeInfoEPSt9type_infoEEPvEEEEE9constructB8ne200100INS_4pairIKS7_S9_EEJRKNS_21piecewise_construct_tENS_5tupleIJRSH_EEENSM_IJEEEEvTnNS_9enable_ifIXntsr15__has_constructISD_PT_DpT0_EE5valueEiE4typeELi0EEEvRSD_SS_DpOST_ CODE
 0001:00019990 0000000fH .text$_ZNSt3__110unique_ptrINS_11__hash_nodeINS_17__hash_value_typeIPN6System7Typinfo9TTypeInfoEPSt9type_infoEEPvEENS_22__hash_node_destructorINS_9allocatorISB_EEEEE11get_deleterB8ne200100Ev CODE
 0001:000199a0 00000049H .text$_ZNSt3__19allocatorINS_11__hash_nodeINS_17__hash_value_typeIPN6System7Typinfo9TTypeInfoEPSt9type_infoEEPvEEE8allocateB8ne200100Ey CODE
 0001:000199f0 00000017H .text$_ZNSt3__116allocator_traitsINS_9allocatorINS_11__hash_nodeINS_17__hash_value_typeIPN6System7Typinfo9TTypeInfoEPSt9type_infoEEPvEEEEE8max_sizeB8ne200100ISD_vTnNS_9enable_ifIXntsr14__has_max_sizeIKT_EE5valueEiE4typeELi0EEEyRKSD_ CODE
 0001:00019a10 00000065H .text$_ZNSt3__117__libcpp_allocateB8ne200100INS_11__hash_nodeINS_17__hash_value_typeIPN6System7Typinfo9TTypeInfoEPSt9type_infoEEPvEEEEPT_NS_15__element_countEy CODE
 0001:00019a80 0000003dH .text$_ZNSt3__125__compressed_pair_paddingINS_22__hash_node_destructorINS_9allocatorINS_11__hash_nodeINS_17__hash_value_typeIPN6System7Typinfo9TTypeInfoEPSt9type_infoEEPvEEEEEELb0EEC2Ev CODE
 0001:00019ac0 00000038H .text$_ZNSt3__112construct_atB8ne200100INS_11__hash_nodeINS_17__hash_value_typeIPN6System7Typinfo9TTypeInfoEPSt9type_infoEEPvEEJDnRyEPSB_EEPT_SF_DpOT0_ CODE
 0001:00019b00 0000003aH .text$_ZNSt3__111__hash_nodeINS_17__hash_value_typeIPN6System7Typinfo9TTypeInfoEPSt9type_infoEEPvEC2B8ne200100EPNS_16__hash_node_baseIPSA_EEy CODE
 0001:00019b40 0000001eH .text$_ZNSt3__116__hash_node_baseIPNS_11__hash_nodeINS_17__hash_value_typeIPN6System7Typinfo9TTypeInfoEPSt9type_infoEEPvEEEC2B8ne200100EPSD_ CODE
 0001:00019b60 00000037H .text$_ZNSt3__114__construct_atB8ne200100INS_4pairIKPN6System7Typinfo9TTypeInfoEPSt9type_infoEEJRKNS_21piecewise_construct_tENS_5tupleIJRS6_EEENSD_IJEEEEPS9_EEPT_SJ_DpOT0_ CODE
 0001:00019ba0 0000004cH .text$_ZNSt3__112construct_atB8ne200100INS_4pairIKPN6System7Typinfo9TTypeInfoEPSt9type_infoEEJRKNS_21piecewise_construct_tENS_5tupleIJRS6_EEENSD_IJEEEEPS9_EEPT_SJ_DpOT0_ CODE
 0001:00019bf0 00000054H .text$_ZNSt3__14pairIKPN6System7Typinfo9TTypeInfoEPSt9type_infoEC2B8ne200100IJRS5_EJEEENS_21piecewise_construct_tENS_5tupleIJDpT_EEENSC_IJDpT0_EEE CODE
 0001:00019c50 0000005aH .text$_ZNSt3__14pairIKPN6System7Typinfo9TTypeInfoEPSt9type_infoEC2B8ne200100IJRS5_EJEJLy0EETpTnyJEEENS_21piecewise_construct_tERNS_5tupleIJDpT_EEERNSC_IJDpT0_EEENS_15__tuple_indicesIJXspT1_EEEENSL_IJXspT2_EEEE CODE
 0001:00019cb0 00000019H .text$_ZNSt3__13getB8ne200100ILy0EJRKPN6System7Typinfo9TTypeInfoEEEERNS_13tuple_elementIXT_ENS_5tupleIJDpT0_EEEE4typeERSB_ CODE
 0001:00019cd0 0000000eH .text$_ZNSt3__112__tuple_leafILy0ERKPN6System7Typinfo9TTypeInfoELb0EE3getB8ne200100Ev CODE
 0001:00019ce0 0000022dH .text$_ZNSt3__112__hash_tableINS_17__hash_value_typeIPN6System7Typinfo9TTypeInfoEPSt9type_infoEENS_22__unordered_map_hasherIS5_S8_NS_4hashIS5_EENS_8equal_toIS5_EELb1EEENS_21__unordered_map_equalIS5_S8_SD_SB_Lb1EEENS_9allocatorIS8_EEE8__rehashILb1EEEvy CODE
 0001:00019f10 00000288H .text$_ZNSt3__112__hash_tableINS_17__hash_value_typeIPN6System7Typinfo9TTypeInfoEPSt9type_infoEENS_22__unordered_map_hasherIS5_S8_NS_4hashIS5_EENS_8equal_toIS5_EELb1EEENS_21__unordered_map_equalIS5_S8_SD_SB_Lb1EEENS_9allocatorIS8_EEE11__do_rehashILb1EEEvy CODE
 0001:0001a1a0 0000004fH .text$_ZNSt3__116__next_hash_pow2B8ne200100Ey CODE
 0001:0001a1f0 0000000fH .text$_ZNSt3__110unique_ptrIA_PNS_16__hash_node_baseIPNS_11__hash_nodeINS_17__hash_value_typeIPN6System7Typinfo9TTypeInfoEPSt9type_infoEEPvEEEENS_25__bucket_list_deallocatorINS_9allocatorISF_EEEEE11get_deleterB8ne200100Ev CODE
 0001:0001a200 00000049H .text$_ZNSt3__110unique_ptrIA_PNS_16__hash_node_baseIPNS_11__hash_nodeINS_17__hash_value_typeIPN6System7Typinfo9TTypeInfoEPSt9type_infoEEPvEEEENS_25__bucket_list_deallocatorINS_9allocatorISF_EEEEE5resetB8ne200100IPSF_TnNS_9enable_ifIXsr28_CheckArrayPointerConversionIT_EE5valueEiE4typeELi0EEEvSP_ CODE
 0001:0001a250 00000023H .text$_ZNSt3__116allocator_traitsINS_9allocatorIPNS_16__hash_node_baseIPNS_11__hash_nodeINS_17__hash_value_typeIPN6System7Typinfo9TTypeInfoEPSt9type_infoEEPvEEEEEEE8allocateB8ne200100ERSH_y CODE
 0001:0001a280 00000049H .text$_ZNSt3__19allocatorIPNS_16__hash_node_baseIPNS_11__hash_nodeINS_17__hash_value_typeIPN6System7Typinfo9TTypeInfoEPSt9type_infoEEPvEEEEE8allocateB8ne200100Ey CODE
 0001:0001a2d0 00000017H .text$_ZNSt3__116allocator_traitsINS_9allocatorIPNS_16__hash_node_baseIPNS_11__hash_nodeINS_17__hash_value_typeIPN6System7Typinfo9TTypeInfoEPSt9type_infoEEPvEEEEEEE8max_sizeB8ne200100ISH_vTnNS_9enable_ifIXntsr14__has_max_sizeIKT_EE5valueEiE4typeELi0EEEyRKSH_ CODE
 0001:0001a2f0 00000065H .text$_ZNSt3__117__libcpp_allocateB8ne200100IPNS_16__hash_node_baseIPNS_11__hash_nodeINS_17__hash_value_typeIPN6System7Typinfo9TTypeInfoEPSt9type_infoEEPvEEEEEEPT_NS_15__element_countEy CODE
 0001:0001a360 00000013H .text$_ZNSt3__112__libcpp_clzB8ne200100Ey CODE
 0001:0001a380 00000049H .text$_ZNSt3__110unique_ptrINS_11__hash_nodeINS_17__hash_value_typeIPN6System7Typinfo9TTypeInfoEPSt9type_infoEEPvEENS_22__hash_node_destructorINS_9allocatorISB_EEEEE5resetB8ne200100EPSB_ CODE
 0001:0001a3d0 0000008eH .text$_ZNSt3__122__hash_node_destructorINS_9allocatorINS_11__hash_nodeINS_17__hash_value_typeIPN6System7Typinfo9TTypeInfoEPSt9type_infoEEPvEEEEEclB8ne200100EPSC_ CODE
 0001:0001a460 00000040H .text$_ZNSt3__15tupleIJRKPN6System7Typinfo9TTypeInfoEEEC2B8ne200100INS_4_AndETnNS_9enable_ifIXsrT_IJNS_17integral_constantIbLb1EEENS_21is_copy_constructibleIS6_EEEE5valueEiE4typeELi0EEES6_ CODE
 0001:0001a4a0 00000039H .text$_ZNSt3__112__tuple_implINS_15__tuple_indicesIJLy0EEEEJRKPN6System7Typinfo9TTypeInfoEEEC2B8ne200100IJLy0EEJS8_ETpTnyJEJEJS8_EEENS1_IJXspT_EEEENS_13__tuple_typesIJDpT0_EEENS1_IJXspT1_EEEENSC_IJDpT2_EEEDpOT3_ CODE
 0001:0001a4e0 0000001eH .text$_ZNSt3__112__tuple_leafILy0ERKPN6System7Typinfo9TTypeInfoELb0EEC2B8ne200100IS6_TnNS_9enable_ifIXsr4_AndINS_17integral_constantIbXntu9__is_sameu14__remove_cvrefIT_ES7_EEEENS_16is_constructibleIS6_JSB_EEEEE5valueEiE4typeELi0EEEOSB_ CODE
 0001:0001a500 0000000bH .text$_ZNSt3__114pointer_traitsIPNS_17__hash_value_typeIPN6System7Typinfo9TTypeInfoEPSt9type_infoEEE10pointer_toB8ne200100ERS8_ CODE
 0001:0001a510 0000002cH .text$_ZN6System11AnsiStringTILt65001EE4swapERS1_ CODE
 0001:0001a540 00002c26H .text                   CODE
 0001:0001d170 0000004aH .text$_ZN6System8_CharLenIwEEiPKT_ CODE
 0001:0001d1c0 0000004aH .text$_ZN6System8_CharLenIDsEEiPKT_ CODE
 0001:0001d210 00000023H .text$_ZN6System14AnsiStringBaseC2ILt0EEEONS_11AnsiStringTIXT_EEE CODE
 0001:0001d240 00000046H .text$_ZNK6System14AnsiStringBase8CodePageEv CODE
 0001:0001d290 0000003aH .text$_ZNK6System14AnsiStringBaseixEi CODE
 0001:0001d2d0 0000404bH .text                   CODE
 0001:00021320 0000001dH .text$_ZTWL16exception_object CODE
 0001:00021340 000003d0H .text                   CODE
 0002:00000000 00000008H .rdata$__mingw_fe_dfl_env DATA
 0002:00000008 00000008H .rdata$__mingw_fe_pc64_env DATA
 0002:00000010 00000008H .rdata$__mingw_fe_pc53_env DATA
 0002:00000018 00000008H .rdata$.refptr._MINGW_INSTALL_DEBUG_MATHERR DATA
 0002:00000020 00000008H .rdata$.refptr.__ImageBase DATA
 0002:00000028 00000008H .rdata$.refptr.__dyn_tls_init_callback DATA
 0002:00000030 00000008H .rdata$.refptr.__globallocalestatus DATA
 0002:00000038 00000008H .rdata$.refptr.__mingw_app_type DATA
 0002:00000040 00000008H .rdata$.refptr.__mingw_initltsdrot_force DATA
 0002:00000048 00000008H .rdata$.refptr.__mingw_initltsdyn_force DATA
 0002:00000050 00000008H .rdata$.refptr.__mingw_initltssuo_force DATA
 0002:00000058 00000008H .rdata$.refptr.__mingw_oldexcpt_handler DATA
 0002:00000060 00000008H .rdata$.refptr.__native_startup_lock DATA
 0002:00000068 00000008H .rdata$.refptr.__native_startup_state DATA
 0002:00000070 00000008H .rdata$.refptr.__xc_a   DATA
 0002:00000078 00000008H .rdata$.refptr.__xc_z   DATA
 0002:00000080 00000008H .rdata$.refptr.__xi_a   DATA
 0002:00000088 00000008H .rdata$.refptr.__xi_z   DATA
 0002:00000090 00000008H .rdata$.refptr._commode DATA
 0002:00000098 00000008H .rdata$.refptr._dowildcard DATA
 0002:000000a0 00000008H .rdata$.refptr._fmode   DATA
 0002:000000a8 00000008H .rdata$.refptr._hInstance DATA
 0002:000000b0 00000008H .rdata$.refptr._newmode DATA
 0002:000000b8 00005a00H .rdata                  DATA
 0002:00005ab8 00000008H .rdata$.refptr.MainForm DATA
 0002:00005ac0 00000008H .rdata$.refptr._ZTRN6System8Sysutils9ExceptionE DATA
 0002:00005ac8 00000008H .rdata$.refptr._ZTV9TMainForm DATA
 0002:00005ad0 00000008H .rdata$.refptr._ZTVN3Vcl6Themes13TStyleManagerE DATA
 0002:00005ad8 00000008H .rdata$.refptr._ZTVN6System8Sysutils9ExceptionE DATA
 0002:00005ae0 0000c8a2H .rdata                  DATA
 0002:00012390 00000035H .rdata$_ZTR9TMainForm   DATA
 0002:000123c5 00000001H .rdata$_ZNSt3__119piecewise_constructE DATA
 0002:000123c8 00000018H .rdata$_ZTISt20bad_array_new_length DATA
 0002:000123e0 00000019H .rdata$_ZTSSt20bad_array_new_length DATA
 0002:00012400 00000018H .rdata$_ZTISt9bad_alloc DATA
 0002:00012418 0000000dH .rdata$_ZTSSt9bad_alloc DATA
 0002:00012428 00000010H .rdata$_ZTISt9exception DATA
 0002:00012438 0000000dH .rdata$_ZTSSt9exception DATA
 0002:00012448 00000018H .rdata$_ZTISt12length_error DATA
 0002:00012460 00000011H .rdata$_ZTSSt12length_error DATA
 0002:00012478 00000018H .rdata$_ZTISt11logic_error DATA
 0002:00012490 00000010H .rdata$_ZTSSt11logic_error DATA
 0002:000124a0 00000008H .rdata$.refptr._ZTVN6System3Win8Registry9TRegistryE DATA
 0002:000124a8 00000008H .rdata$.refptr._ZTVN6System8Inifiles8TIniFileE DATA
 0002:000124b0 00000008H .rdata$.refptr.__imp___winitenv DATA
 0002:000124b8 00000048H .rdata                  DATA
 0002:00012500 00000008H .rdata$.refptr._CRT_MT  DATA
 0002:00012508 00000008H .rdata$.refptr.__CTOR_LIST__ DATA
 0002:00012510 0000026dH .rdata                  DATA
 0002:00012780 00000008H .rdata$.refptr.__RUNTIME_PSEUDO_RELOC_LIST_END__ DATA
 0002:00012788 00000008H .rdata$.refptr.__RUNTIME_PSEUDO_RELOC_LIST__ DATA
 0002:00012790 00000008H .rdata$.refptr._mngr    DATA
 0002:00012798 00000008H .rdata$.refptr._mngr_set DATA
 0002:000127a0 00000002H .rdata                  DATA
 0002:000127a8 00000008H .rdata$.refptr._ZN6System10_init_instE DATA
 0002:000127b0 00000008H .rdata$.refptr._ZTRN6System8Sysutils11ERangeErrorE DATA
 0002:000127b8 00000008H .rdata$.refptr._ZTVN6System8Sysutils11ERangeErrorE DATA
 0002:000127c0 00005770H .rdata                  DATA
 0002:00017f30 00000008H .rdata$.refptr.__EMBT_INIT_LIST_BEGIN__ DATA
 0002:00017f38 00000008H .rdata$.refptr.__EMBT_INIT_LIST_END__ DATA
 0002:00017f40 00000008H .rdata$.refptr.__isDLL  DATA
 0002:00017f48 00000008H .rdata$.refptr.__isGUI  DATA
 0002:00017f50 00000008H .rdata$.refptr.__isVCLPackage DATA
 0002:00017f58 000003c8H .rdata                  DATA
 0002:000183c8 00000010H .00cfg                  DATA
 0002:000183d8 00000008H .CRT$XCA                DATA
 0002:000183e0 00000008H .CRT$XCAA               DATA
 0002:000183e8 00000008H .CRT$XCZ                DATA
 0002:000183f0 00000008H .CRT$XDA                DATA
 0002:000183f8 00000008H .CRT$XDZ                DATA
 0002:00018400 00000008H .CRT$XIA                DATA
 0002:00018408 00000008H .CRT$XIA0               DATA
 0002:00018410 00000008H .CRT$XIAA               DATA
 0002:00018418 00000008H .CRT$XIZ                DATA
 0002:00018420 00000008H .CRT$XLA                DATA
 0002:00018428 00000008H .CRT$XLC                DATA
 0002:00018430 00000008H .CRT$XLD                DATA
 0002:00018438 00000008H .CRT$XLZ                DATA
 0002:00018448 00000008H .ctors.65435            DATA
 0002:00018460 00000008H .dtors.65435            DATA
 0002:00024744 00000264H .xdata                  DATA
 0002:000249a8 00000008H .xdata$_ZN6System7Classes15TComponentClassC1EPNS_10TMetaClassE DATA
 0002:000249b0 00000008H .xdata$__clang_call_terminate DATA
 0002:000249b8 00000008H .xdata$_ZN6System7Classes15TComponentClassC2EPNS_10TMetaClassE DATA
 0002:000249c0 00000008H .xdata$_ZN6System15DelphiMetaClassINS_7Classes15TComponentClassEEC2EPNS_10TMetaClassE DATA
 0002:000249c8 00000414H .xdata                  DATA
 0002:00024ddc 00000020H .xdata$_ZN6System13UnicodeStringaSEOS0_ DATA
 0002:00024dfc 0000007cH .xdata$_ZN13ConfigManager10LoadConfigEv DATA
 0002:00024e78 00000074H .xdata$_ZN13ConfigManager10SaveConfigERK9AppConfig DATA
 0002:00024eec 0000002cH .xdata$_ZN13MethodManager21CheckRobloxConnectionEv DATA
 0002:00024f18 0000005cH .xdata$_ZN10DNSManager12SetGoogleDNSEv DATA
 0002:00024f74 00000024H .xdata$_ZN13MethodManager15GetCommandLineWERKN6System13UnicodeStringE DATA
 0002:00024f98 00000028H .xdata$_ZN14ProcessManager5StartERKN6System13UnicodeStringEb DATA
 0002:00024fc0 0000001cH .xdata$_ZN9AppConfigC2Ev DATA
 0002:00024fdc 00000020H .xdata$_ZNSt3__16__treeINS_12__value_typeIN6System13UnicodeStringES3_EENS_19__map_value_compareIS3_S4_NS_4lessIS3_EELb1EEENS_9allocatorIS4_EEE7destroyEPNS_11__tree_nodeIS4_PvEE DATA
 0002:00024ffc 00000020H .xdata$_ZN14ProcessManagerD2Ev DATA
 0002:0002501c 00000024H .xdata$_ZN13ConfigManagerD2Ev DATA
 0002:00025040 00000020H .xdata$_ZNSt3__16vectorIN6System13UnicodeStringENS_9allocatorIS2_EEED2B8ne200100Ev DATA
 0002:00025060 00000020H .xdata$_ZNSt3__16vectorIN6System13UnicodeStringENS_9allocatorIS2_EEE22__base_destruct_at_endB8ne200100EPS2_ DATA
 0002:00025080 0000003cH .xdata$_ZN13MethodManagerC2ERKN6System13UnicodeStringE DATA
 0002:000250bc 00000018H .xdata$_ZN14ScriptDatabaseC2Ev DATA
 0002:000250d4 000001bcH .xdata$_ZN14ScriptDatabase17InitializeScriptsEv DATA
 0002:00025290 00000020H .xdata$_ZNSt3__16__treeINS_12__value_typeIN6System13UnicodeStringES3_EENS_19__map_value_compareIS3_S4_NS_4lessIS3_EELb1EEENS_9allocatorIS4_EEE16__construct_nodeIJRKNS_21piecewise_construct_tENS_5tupleIJOS3_EEENSG_IJEEEEEENS_10unique_ptrINS_11__tree_nodeIS4_PvEENS_22__tree_node_destructorINS9_ISN_EEEEEEDpOT_ DATA
 0002:000252b0 00000018H .xdata$_ZNSt3__14pairIKN6System13UnicodeStringES2_EC2B8ne200100IJOS2_EJEJLy0EETpTnyJEEENS_21piecewise_construct_tERNS_5tupleIJDpT_EEERNS8_IJDpT0_EEENS_15__tuple_indicesIJXspT1_EEEENSH_IJXspT2_EEEE DATA
 0002:000252c8 00000020H .xdata$_ZN6System13UnicodeStringC2EOS0_ DATA
 0002:000252e8 00000024H .xdata$_ZNSt3__127__tree_balance_after_insertB8ne200100IPNS_16__tree_node_baseIPvEEEEvT_S5_ DATA
 0002:0002530c 00000020H .xdata$_ZNSt3__118__tree_left_rotateB8ne200100IPNS_16__tree_node_baseIPvEEEEvT_ DATA
 0002:0002532c 00000020H .xdata$_ZNSt3__122__tree_node_destructorINS_9allocatorINS_11__tree_nodeINS_12__value_typeIN6System13UnicodeStringES5_EEPvEEEEEclB8ne200100EPS8_ DATA
 0002:0002534c 0000001cH .xdata$_ZN14ProcessManagerC2ERKN6System13UnicodeStringE DATA
 0002:00025368 0000002cH .xdata$_ZN13ConfigManagerC2ERKN6System13UnicodeStringE DATA
 0002:00025394 00000020H .xdata$_ZN6System8Inifiles8TIniFileC3ENS_13UnicodeStringE DATA
 0002:000253b4 0000001cH .xdata$_ZN14ScriptDatabase17GetAllMethodNamesEv DATA
 0002:000253d0 0000001cH .xdata$_ZNSt3__16vectorIN6System13UnicodeStringENS_9allocatorIS2_EEE22__construct_one_at_endB8ne200100IJRKS2_EEEvDpOT_ DATA
 0002:000253ec 00000020H .xdata$_ZNSt3__16vectorIN6System13UnicodeStringENS_9allocatorIS2_EEE24__emplace_back_slow_pathIJRKS2_EEEPS2_DpOT_ DATA
 0002:0002540c 00000020H .xdata$_ZNKSt3__16vectorIN6System13UnicodeStringENS_9allocatorIS2_EEE8max_sizeB8ne200100Ev DATA
 0002:0002542c 0000001cH .xdata$_ZNSt3__120__throw_length_errorB8ne200100EPKc DATA
 0002:00025448 00000020H .xdata$_ZNSt3__134__uninitialized_allocator_relocateB8ne200100INS_9allocatorIN6System13UnicodeStringEEEPS3_EEvRT_T0_S8_S8_ DATA
 0002:00025468 00000020H .xdata$_ZNSt3__128__exception_guard_exceptionsINS_29_AllocatorDestroyRangeReverseINS_9allocatorIN6System13UnicodeStringEEEPS4_EEED2B8ne200100Ev DATA
[...]
 0005:000039f0       $pdata$_ZN6System8Internal10Helperhlpr13TDateTimeHlpr15MinuteOfTheWeekEv 00000001400559f0     rtl:System.Internal.HelperHlpr.o
 0005:000039fc       $pdata$_ZN6System8Internal10Helperhlpr13TDateTimeHlpr15SecondOfTheWeekEv 00000001400559fc     rtl:System.Internal.HelperHlpr.o
 0005:00003a08       $pdata$_ZN6System8Internal10Helperhlpr13TDateTimeHlpr20MilliSecondOfTheWeekEv 0000000140055a08     rtl:System.Internal.HelperHlpr.o
 0005:00003a14       $pdata$_ZN6System8Internal10Helperhlpr13TDateTimeHlpr14MinuteOfTheDayEv 0000000140055a14     rtl:System.Internal.HelperHlpr.o
 0005:00003a20       $pdata$_ZN6System8Internal10Helperhlpr13TDateTimeHlpr14SecondOfTheDayEv 0000000140055a20     rtl:System.Internal.HelperHlpr.o
 0005:00003a2c       $pdata$_ZN6System8Internal10Helperhlpr13TDateTimeHlpr19MilliSecondOfTheDayEv 0000000140055a2c     rtl:System.Internal.HelperHlpr.o
 0005:00003a38       $pdata$_ZN6System8Internal10Helperhlpr13TDateTimeHlpr15SecondOfTheHourEv 0000000140055a38     rtl:System.Internal.HelperHlpr.o
 0005:00003a44       $pdata$_ZN6System8Internal10Helperhlpr13TDateTimeHlpr20MilliSecondOfTheHourEv 0000000140055a44     rtl:System.Internal.HelperHlpr.o
 0005:00003a50       $pdata$_ZN6System8Internal10Helperhlpr13TDateTimeHlpr22MilliSecondOfTheMinuteEv 0000000140055a50     rtl:System.Internal.HelperHlpr.o
 0005:00003a5c       $pdata$_ZN6System8Internal10Helperhlpr13TDateTimeHlpr15WithinPastYearsENS_9TDateTimeEi 0000000140055a5c     rtl:System.Internal.HelperHlpr.o
 0005:00003a68       $pdata$_ZN6System8Internal10Helperhlpr13TDateTimeHlpr16WithinPastMonthsENS_9TDateTimeEi 0000000140055a68     rtl:System.Internal.HelperHlpr.o
 0005:00003a74       $pdata$_ZN6System8Internal10Helperhlpr13TDateTimeHlpr15WithinPastWeeksENS_9TDateTimeEi 0000000140055a74     rtl:System.Internal.HelperHlpr.o
 0005:00003a80       $pdata$_ZN6System8Internal10Helperhlpr13TDateTimeHlpr14WithinPastDaysENS_9TDateTimeEi 0000000140055a80     rtl:System.Internal.HelperHlpr.o
 0005:00003a8c       $pdata$_ZN6System8Internal10Helperhlpr13TDateTimeHlpr15WithinPastHoursENS_9TDateTimeEx 0000000140055a8c     rtl:System.Internal.HelperHlpr.o
 0005:00003a98       $pdata$_ZN6System8Internal10Helperhlpr13TDateTimeHlpr17WithinPastMinutesENS_9TDateTimeEx 0000000140055a98     rtl:System.Internal.HelperHlpr.o
 0005:00003aa4       $pdata$_ZN6System8Internal10Helperhlpr13TDateTimeHlpr17WithinPastSecondsENS_9TDateTimeEx 0000000140055aa4     rtl:System.Internal.HelperHlpr.o
 0005:00003ab0       $pdata$_ZN6System8Internal10Helperhlpr13TDateTimeHlpr22WithinPastMilliSecondsENS_9TDateTimeEx 0000000140055ab0     rtl:System.Internal.HelperHlpr.o
 0005:00003abc       $pdata$_ZN6System8Internal10Helperhlpr13TDateTimeHlpr12YearsBetweenENS_9TDateTimeE 0000000140055abc     rtl:System.Internal.HelperHlpr.o
 0005:00003ac8       $pdata$_ZN6System8Internal10Helperhlpr13TDateTimeHlpr13MonthsBetweenENS_9TDateTimeE 0000000140055ac8     rtl:System.Internal.HelperHlpr.o
 0005:00003ad4       $pdata$_ZN6System8Internal10Helperhlpr13TDateTimeHlpr12WeeksBetweenENS_9TDateTimeE 0000000140055ad4     rtl:System.Internal.HelperHlpr.o
 0005:00003ae0       $pdata$_ZN6System8Internal10Helperhlpr13TDateTimeHlpr11DaysBetweenENS_9TDateTimeE 0000000140055ae0     rtl:System.Internal.HelperHlpr.o
 0005:00003aec       $pdata$_ZN6System8Internal10Helperhlpr13TDateTimeHlpr12HoursBetweenENS_9TDateTimeE 0000000140055aec     rtl:System.Internal.HelperHlpr.o
 0005:00003af8       $pdata$_ZN6System8Internal10Helperhlpr13TDateTimeHlpr14MinutesBetweenENS_9TDateTimeE 0000000140055af8     rtl:System.Internal.HelperHlpr.o
 0005:00003b04       $pdata$_ZN6System8Internal10Helperhlpr13TDateTimeHlpr14SecondsBetweenENS_9TDateTimeE 0000000140055b04     rtl:System.Internal.HelperHlpr.o
 0005:00003b10       $pdata$_ZN6System8Internal10Helperhlpr13TDateTimeHlpr19MilliSecondsBetweenENS_9TDateTimeE 0000000140055b10     rtl:System.Internal.HelperHlpr.o
 0005:00003b1c       $pdata$_ZN6System8Internal10Helperhlpr13TDateTimeHlpr15DateTimeInRangeENS_9TDateTimeES3_b 0000000140055b1c     rtl:System.Internal.HelperHlpr.o
 0005:00003b28       $pdata$_ZN6System8Internal10Helperhlpr13TDateTimeHlpr11DateInRangeENS_9TDateTimeES3_b 0000000140055b28     rtl:System.Internal.HelperHlpr.o
 0005:00003b34       $pdata$_ZN6System8Internal10Helperhlpr13TDateTimeHlpr11TimeInRangeENS_9TDateTimeES3_b 0000000140055b34     rtl:System.Internal.HelperHlpr.o
 0005:00003b40       $pdata$_ZN6System8Internal10Helperhlpr13TDateTimeHlpr8YearSpanENS_9TDateTimeE 0000000140055b40     rtl:System.Internal.HelperHlpr.o
 0005:00003b4c       $pdata$_ZN6System8Internal10Helperhlpr13TDateTimeHlpr9MonthSpanENS_9TDateTimeE 0000000140055b4c     rtl:System.Internal.HelperHlpr.o
 0005:00003b58       $pdata$_ZN6System8Internal10Helperhlpr13TDateTimeHlpr8WeekSpanENS_9TDateTimeE 0000000140055b58     rtl:System.Internal.HelperHlpr.o
 0005:00003b64       $pdata$_ZN6System8Internal10Helperhlpr13TDateTimeHlpr7DaySpanENS_9TDateTimeE 0000000140055b64     rtl:System.Internal.HelperHlpr.o
 0005:00003b70       $pdata$_ZN6System8Internal10Helperhlpr13TDateTimeHlpr8HourSpanENS_9TDateTimeE 0000000140055b70     rtl:System.Internal.HelperHlpr.o
 0005:00003b7c       $pdata$_ZN6System8Internal10Helperhlpr13TDateTimeHlpr10MinuteSpanENS_9TDateTimeE 0000000140055b7c     rtl:System.Internal.HelperHlpr.o
 0005:00003b88       $pdata$_ZN6System8Internal10Helperhlpr13TDateTimeHlpr10SecondSpanENS_9TDateTimeE 0000000140055b88     rtl:System.Internal.HelperHlpr.o
 0005:00003b94       $pdata$_ZN6System8Internal10Helperhlpr13TDateTimeHlpr15MilliSecondSpanENS_9TDateTimeE 0000000140055b94     rtl:System.Internal.HelperHlpr.o
 0005:00003ba0       $pdata$_ZN6System8Internal10Helperhlpr13TDateTimeHlpr7IncYearEi 0000000140055ba0     rtl:System.Internal.HelperHlpr.o
 0005:00003bac       $pdata$_ZN6System8Internal10Helperhlpr13TDateTimeHlpr8IncMonthEi 0000000140055bac     rtl:System.Internal.HelperHlpr.o
 0005:00003bb8       $pdata$_ZN6System8Internal10Helperhlpr13TDateTimeHlpr7IncWeekEi 0000000140055bb8     rtl:System.Internal.HelperHlpr.o
 0005:00003bc4       $pdata$_ZN6System8Internal10Helperhlpr13TDateTimeHlpr6IncDayEi 0000000140055bc4     rtl:System.Internal.HelperHlpr.o
 0005:00003bd0       $pdata$_ZN6System8Internal10Helperhlpr13TDateTimeHlpr7IncHourEx 0000000140055bd0     rtl:System.Internal.HelperHlpr.o
 0005:00003bdc       $pdata$_ZN6System8Internal10Helperhlpr13TDateTimeHlpr9IncMinuteEx 0000000140055bdc     rtl:System.Internal.HelperHlpr.o
 0005:00003be8       $pdata$_ZN6System8Internal10Helperhlpr13TDateTimeHlpr9IncSecondEx 0000000140055be8     rtl:System.Internal.HelperHlpr.o
 0005:00003bf4       $pdata$_ZN6System8Internal10Helperhlpr13TDateTimeHlpr14IncMilliSecondEx 0000000140055bf4     rtl:System.Internal.HelperHlpr.o
 0005:00003c00       $pdata$_ZN6System8Internal10Helperhlpr13TDateTimeHlpr9TryEncodeEttttttt 0000000140055c00     rtl:System.Internal.HelperHlpr.o
 0005:00003c0c       $pdata$_ZN6System8Internal10Helperhlpr13TDateTimeHlpr13TryEncodeWeekEttt 0000000140055c0c     rtl:System.Internal.HelperHlpr.o
 0005:00003c18       $pdata$_ZN6System8Internal10Helperhlpr13TDateTimeHlpr12TryEncodeDayEtt 0000000140055c18     rtl:System.Internal.HelperHlpr.o
 0005:00003c24       $pdata$_ZN6System8Internal10Helperhlpr13TDateTimeHlpr18TryEncodeMonthWeekEtttt 0000000140055c24     rtl:System.Internal.HelperHlpr.o
 0005:00003c30       $pdata$_ZN6System8Internal10Helperhlpr13TDateTimeHlpr11SetDateTimeEttttttt 0000000140055c30     rtl:System.Internal.HelperHlpr.o
 0005:00003c3c       $pdata$_ZN6System8Internal10Helperhlpr13TDateTimeHlpr15CompareDateTimeENS_9TDateTimeE 0000000140055c3c     rtl:System.Internal.HelperHlpr.o
 0005:00003c48       $pdata$_ZN6System8Internal10Helperhlpr13TDateTimeHlpr12SameDateTimeENS_9TDateTimeE 0000000140055c48     rtl:System.Internal.HelperHlpr.o
 0005:00003c54       $pdata$_ZN6System8Internal10Helperhlpr13TDateTimeHlpr11CompareDateENS_9TDateTimeE 0000000140055c54     rtl:System.Internal.HelperHlpr.o
 0005:00003c60       $pdata$_ZN6System8Internal10Helperhlpr13TDateTimeHlpr8SameDateENS_9TDateTimeE 0000000140055c60     rtl:System.Internal.HelperHlpr.o
 0005:00003c6c       $pdata$_ZN6System8Internal10Helperhlpr13TDateTimeHlpr11CompareTimeENS_9TDateTimeE 0000000140055c6c     rtl:System.Internal.HelperHlpr.o
 0005:00003c78       $pdata$_ZN6System8Internal10Helperhlpr13TDateTimeHlpr8SameTimeENS_9TDateTimeE 0000000140055c78     rtl:System.Internal.HelperHlpr.o
 0005:00003c84       $pdata$_ZN6System8Internal10Helperhlpr13TDateTimeHlpr12NthDayOfWeekEv 0000000140055c84     rtl:System.Internal.HelperHlpr.o
 0005:00003c90       $pdata$_ZN6System8Internal10Helperhlpr13TDateTimeHlpr25TryEncodeDayOfWeekInMonthEtttt 0000000140055c90     rtl:System.Internal.HelperHlpr.o
 0005:00003c9c       $pdata$_ZN6System8Internal10Helperhlpr13TDateTimeHlpr12ToJulianDateEv 0000000140055c9c     rtl:System.Internal.HelperHlpr.o
 0005:00003ca8       $pdata$_ZN6System8Internal10Helperhlpr13TDateTimeHlpr16TrySetJulianDateEd 0000000140055ca8     rtl:System.Internal.HelperHlpr.o
 0005:00003cb4       $pdata$_ZN6System8Internal10Helperhlpr13TDateTimeHlpr20ToModifiedJulianDateEv 0000000140055cb4     rtl:System.Internal.HelperHlpr.o
 0005:00003cc0       $pdata$_ZN6System8Internal10Helperhlpr13TDateTimeHlpr24TrySetModifiedJulianDateEd 0000000140055cc0     rtl:System.Internal.HelperHlpr.o
 0005:00003ccc       $pdata$_ZN6System8Internal10Helperhlpr13TDateTimeHlpr6ToUnixEb 0000000140055ccc     rtl:System.Internal.HelperHlpr.o
 0005:00003cd8       $pdata$_ZN6System8Internal10Helperhlpr13TDateTimeHlpr14ToMillisecondsEv 0000000140055cd8     rtl:System.Internal.HelperHlpr.o
 0005:00003ce4       $pdata$_ZN6System8Internal10Helperhlpr13TDateTimeHlpr18TimeToMillisecondsEv 0000000140055ce4     rtl:System.Internal.HelperHlpr.o
 0005:00003cf0       $pdata$_ZN6System8Internal10Helperhlpr13TDateTimeHlpr13TrySetISO8601ENS_13UnicodeStringEb 0000000140055cf0     rtl:System.Internal.HelperHlpr.o
 0005:00003cfc       $pdata$_ZN6System8Internal10Helperhlpr13TDateTimeHlpr9ToISO8601Eb 0000000140055cfc     rtl:System.Internal.HelperHlpr.o
 0005:00003d08       $pdata$_ZN6System8Internal10Helperhlpr13TDateTimeHlpr8ToStringEv 0000000140055d08     rtl:System.Internal.HelperHlpr.o
 0005:00003d14       $pdata$_ZN6System8Internal10Helperhlpr13TDateTimeHlpr8ToStringERKNS_8Sysutils15TFormatSettingsE 0000000140055d14     rtl:System.Internal.HelperHlpr.o
 0005:00003d20       $pdata$_ZN6System8Internal10Helperhlpr13TDateTimeHlpr6FormatENS_13UnicodeStringE 0000000140055d20     rtl:System.Internal.HelperHlpr.o
 0005:00003d2c       $pdata$_ZN6System8Internal10Helperhlpr13TDateTimeHlpr6FormatENS_13UnicodeStringERKNS_8Sysutils15TFormatSettingsE 0000000140055d2c     rtl:System.Internal.HelperHlpr.o
 0005:00003d38       $pdata$_ZN6System8Internal10Helperhlpr13TDateTimeHlpr7AddYearEi 0000000140055d38     rtl:System.Internal.HelperHlpr.o
 0005:00003d44       $pdata$_ZN6System8Internal10Helperhlpr13TDateTimeHlpr8AddMonthEi 0000000140055d44     rtl:System.Internal.HelperHlpr.o
 0005:00003d50       $pdata$_ZN6System8Internal10Helperhlpr13TDateTimeHlpr7AddWeekEi 0000000140055d50     rtl:System.Internal.HelperHlpr.o
 0005:00003d5c       $pdata$_ZN6System8Internal10Helperhlpr13TDateTimeHlpr6AddDayEi 0000000140055d5c     rtl:System.Internal.HelperHlpr.o
 0005:00003d68       $pdata$_ZN6System8Internal10Helperhlpr13TDateTimeHlpr7AddHourEx 0000000140055d68     rtl:System.Internal.HelperHlpr.o
 0005:00003d74       $pdata$_ZN6System8Internal10Helperhlpr13TDateTimeHlpr9AddMinuteEx 0000000140055d74     rtl:System.Internal.HelperHlpr.o
 0005:00003d80       $pdata$_ZN6System8Internal10Helperhlpr13TDateTimeHlpr9AddSecondEx 0000000140055d80     rtl:System.Internal.HelperHlpr.o
 0005:00003d8c       $pdata$_ZN6System8Internal10Helperhlpr13TDateTimeHlpr14AddMilliSecondEx 0000000140055d8c     rtl:System.Internal.HelperHlpr.o
 0005:00003d98       $pdata$_ZN6System8Internal10Helperhlpr13TDateTimeHlpr6EncodeEttttttt 0000000140055d98     rtl:System.Internal.HelperHlpr.o
 0005:00003da4       $pdata$_ZN6System8Internal10Helperhlpr13TDateTimeHlpr6DecodeERtS3_S3_S3_S3_S3_S3_ 0000000140055da4     rtl:System.Internal.HelperHlpr.o
 0005:00003db0       $pdata$_ZN6System8Internal10Helperhlpr13TDateTimeHlpr10EncodeWeekEttt 0000000140055db0     rtl:System.Internal.HelperHlpr.o
 0005:00003dbc       $pdata$_ZN6System8Internal10Helperhlpr13TDateTimeHlpr10DecodeWeekERtS3_S3_ 0000000140055dbc     rtl:System.Internal.HelperHlpr.o
 0005:00003dc8       $pdata$_ZN6System8Internal10Helperhlpr13TDateTimeHlpr9EncodeDayEtt 0000000140055dc8     rtl:System.Internal.HelperHlpr.o
 0005:00003dd4       $pdata$_ZN6System8Internal10Helperhlpr13TDateTimeHlpr9DecodeDayERtS3_ 0000000140055dd4     rtl:System.Internal.HelperHlpr.o
 0005:00003de0       $pdata$_ZN6System8Internal10Helperhlpr13TDateTimeHlpr15EncodeMonthWeekEtttt 0000000140055de0     rtl:System.Internal.HelperHlpr.o
 0005:00003dec       $pdata$_ZN6System8Internal10Helperhlpr13TDateTimeHlpr15DecodeMonthWeekERtS3_S3_S3_ 0000000140055dec     rtl:System.Internal.HelperHlpr.o
 0005:00003df8       $pdata$_ZN6System8Internal10Helperhlpr13TDateTimeHlpr7SetYearEt 0000000140055df8     rtl:System.Internal.HelperHlpr.o
 0005:00003e04       $pdata$_ZN6System8Internal10Helperhlpr13TDateTimeHlpr8SetMonthEt 0000000140055e04     rtl:System.Internal.HelperHlpr.o
 0005:00003e10       $pdata$_ZN6System8Internal10Helperhlpr13TDateTimeHlpr6SetDayEt 0000000140055e10     rtl:System.Internal.HelperHlpr.o
 0005:00003e1c       $pdata$_ZN6System8Internal10Helperhlpr13TDateTimeHlpr7SetHourEt 0000000140055e1c     rtl:System.Internal.HelperHlpr.o
 0005:00003e28       $pdata$_ZN6System8Internal10Helperhlpr13TDateTimeHlpr9SetMinuteEt 0000000140055e28     rtl:System.Internal.HelperHlpr.o
 0005:00003e34       $pdata$_ZN6System8Internal10Helperhlpr13TDateTimeHlpr9SetSecondEt 0000000140055e34     rtl:System.Internal.HelperHlpr.o
 0005:00003e40       $pdata$_ZN6System8Internal10Helperhlpr13TDateTimeHlpr14SetMilliSecondEt 0000000140055e40     rtl:System.Internal.HelperHlpr.o
 0005:00003e4c       $pdata$_ZN6System8Internal10Helperhlpr13TDateTimeHlpr7SetDateEttt 0000000140055e4c     rtl:System.Internal.HelperHlpr.o
 0005:00003e58       $pdata$_ZN6System8Internal10Helperhlpr13TDateTimeHlpr7SetTimeEtttt 0000000140055e58     rtl:System.Internal.HelperHlpr.o
 0005:00003e64       $pdata$_ZN6System8Internal10Helperhlpr13TDateTimeHlpr22DecodeDayOfWeekInMonthERtS3_S3_S3_ 0000000140055e64     rtl:System.Internal.HelperHlpr.o
 0005:00003e70       $pdata$_ZN6System8Internal10Helperhlpr13TDateTimeHlpr22EncodeDayOfWeekInMonthEtttt 0000000140055e70     rtl:System.Internal.HelperHlpr.o
 0005:00003e7c       $pdata$_ZN6System8Internal10Helperhlpr13TDateTimeHlpr13SetJulianDateEd 0000000140055e7c     rtl:System.Internal.HelperHlpr.o
 0005:00003e88       $pdata$_ZN6System8Internal10Helperhlpr13TDateTimeHlpr21SetModifiedJulianDateEd 0000000140055e88     rtl:System.Internal.HelperHlpr.o
 0005:00003e94       $pdata$_ZN6System8Internal10Helperhlpr13TDateTimeHlpr7SetUnixExb 0000000140055e94     rtl:System.Internal.HelperHlpr.o
 0005:00003ea0       $pdata$_ZN6System8Internal10Helperhlpr13TDateTimeHlpr10SetISO8601ENS_13UnicodeStringEb 0000000140055ea0     rtl:System.Internal.HelperHlpr.o
 0005:00003eac       $pdata$_ZN6System8Internal10Helperhlpr13TDateTimeHlpr11SetHttpDateENS_13UnicodeStringEb 0000000140055eac     rtl:System.Internal.HelperHlpr.o
 0005:00003eb8       $pdata$_ZN6System8Internal10Helperhlpr12FinalizationEv 0000000140055eb8     rtl:System.Internal.HelperHlpr.o
 0005:00003ec4       $pdata$_ZN6System8Internal10Helperhlpr14initializationEv 0000000140055ec4     rtl:System.Internal.HelperHlpr.o
 0005:00003f48       $pdata$_ZN6System8Internal7Initcpp23SelectForInitializationEPNS1_20TUnitDescriptorBlockES3_ 0000000140055f48     rtl:System.Internal.InitCPP.o
 0005:00003f54       $pdata$_ZN6System8Internal7Initcpp23SelectForInitializationEPPNS1_20TUnitDescriptorBlockES4_ 0000000140055f54     rtl:System.Internal.InitCPP.o
 0005:00003f60       $pdata$_ZN6System8Internal7Initcpp15InitializeUnitsEPNS1_20TUnitDescriptorBlockES3_ 0000000140055f60     rtl:System.Internal.InitCPP.o
 0005:00003f6c       $pdata$_ZN6System8Internal7Initcpp13FinalizeUnitsEPNS1_20TUnitDescriptorBlockES3_ 0000000140055f6c     rtl:System.Internal.InitCPP.o
 0005:00003f78       $pdata$_ZN6System8Internal7Initcpp15InitializeUnitsEPPNS1_20TUnitDescriptorBlockES4_ 0000000140055f78     rtl:System.Internal.InitCPP.o
 0005:00003f84       $pdata$_ZN6System8Internal7Initcpp13FinalizeUnitsEPPNS1_20TUnitDescriptorBlockES4_ 0000000140055f84     rtl:System.Internal.InitCPP.o
 0005:00003f90       $pdata$_ZN6System8Internal7Initcpp15InitializeUnitsEPNS1_15TUnitDescriptorES3_ 0000000140055f90     rtl:System.Internal.InitCPP.o
 0005:00003f9c       $pdata$_ZN6System8Internal7Initcpp13FinalizeUnitsEPNS1_15TUnitDescriptorES3_ 0000000140055f9c     rtl:System.Internal.InitCPP.o
 0005:00003fa8       $pdata$_ZN6System8Internal7Initcpp15CalculateDegreeEPNS1_20TUnitDescriptorBlockES3_ 0000000140055fa8     rtl:System.Internal.InitCPP.o
 0005:00003fb4       $pdata$_ZN6System8Internal7Initcpp15CalculateDegreeEPPNS1_20TUnitDescriptorBlockES4_ 0000000140055fb4     rtl:System.Internal.InitCPP.o
 0005:00003fc0       $pdata$_ZN6System8Internal7Initcpp16FinalizeUnitListEPPPNS1_15TUnitDescriptorES5_ 0000000140055fc0     rtl:System.Internal.InitCPP.o
 0005:00003fd8       $pdata$_ZN6System8Internal7Initcpp18InitializeRootUnitEPNS1_15TUnitDescriptorE 0000000140055fd8     rtl:System.Internal.InitCPP.o
 0005:00004014       $pdata$_ZN6System8Internal7Initcpp16FinalizeRootUnitEPNS1_15TUnitDescriptorE 0000000140056014     rtl:System.Internal.InitCPP.o
 0005:0000402c       $pdata$_ZN6System8Internal7Initcpp12FinalizationEv 000000014005602c     rtl:System.Internal.InitCPP.o
 0005:00004038       $pdata$_ZN6System8Internal7Initcpp14initializationEv 0000000140056038     rtl:System.Internal.InitCPP.o
 000a:00000010       _ZL15exception_count       000000014005b010     libmingw32:lib64_libmingw32_a-hook_delphieh.o
 000a:00000020       _ZL16exception_object      000000014005b020     libmingw32:lib64_libmingw32_a-hook_delphieh.o
 000b:000003f0       $R000000                   000000014005c3f0     internal .obj file created from .res files
 000b:00003640       $R000001                   000000014005f640     internal .obj file created from .res files
 000b:00003838       $R000002                   000000014005f838     internal .obj file created from .res files
 000b:00004e60       $R000003                   0000000140060e60     internal .obj file created from .res files
 000b:00005d08       $R000004                   0000000140061d08     internal .obj file created from .res files
 000b:000065b0       $R000005                   00000001400625b0     internal .obj file created from .res files
 000b:00006b18       $R000006                   0000000140062b18     internal .obj file created from .res files
 000b:0000cfd8       $R000007                   0000000140068fd8     internal .obj file created from .res files
 000b:0001d800       $R000008                   0000000140079800     internal .obj file created from .res files
 000b:00021a28       $R000009                   000000014007da28     internal .obj file created from .res files
 000b:000223b0       $R00000A                   000000014007e3b0     internal .obj file created from .res files
 000b:00022818       $R00000B                   000000014007e818     internal .obj file created from .res files
 000b:000228a0       $R00000C                   000000014007e8a0     internal .obj file created from .res files
 000b:00022fb0       $R00000D                   000000014007efb0     internal .obj file created from .res files
 000b:00022fb8       $R00000E                   000000014007efb8     internal .obj file created from .res files
